Info: 1 0 R
Root: 99 0 R
RootCreationDate: u:D:20260609081240+00'00'
RootCreator: u:Mozilla/5.0 (Windows NT 10.0; Win64; x64) AppleWebKit/537.36 (KHTML, like Gecko) Chrome/148.0.0.0 Safari/537.36
RootModDate: u:D:20260609081240+00'00'
RootProducer: u:Skia/PDF m148
RootTitle: u:PDF文字抽出テストデータ
Root-Pages: 65 0 R
Root-StructTreeRoot: 66 0 R
Page 1 obj: 2 0 R
  Font /F10: 10 0 R (/Type3, CIDFont (0 - 61))
    Encoding: /Encoding-Differences
    ToUnicode: 130 0 R
      - <3D> <51FA>
  Font /F11: 11 0 R (/Type3, CIDFont (0 - 89))
    Encoding: /Encoding-Differences
    ToUnicode: 133 0 R
      - <59> <2F64>
  Font /F12: 12 0 R (/Type3, CIDFont (0 - 255))
    Encoding: /Encoding-Differences
    ToUnicode: 204 0 R
      - <53> <2E84>
      - <54> <2E86>
      - <55> <2E88>
      - <56> <2E8A>
      - <57> <2E8C>
      - <58> <2E91>
      - <59> <2E95>
      - <5A> <2E97>
      - <5D> <2EA2>
      - <5E> <2EA5>
      - <5F> <2EA7>
      - <60> <2EAA>
      - <61> <2EAC>
      - <69> <2ECF>
      - <6A> <2ED7>
      - <6B> <2EDD>
      - <B9> <3042>
      - <BB> <3044>
      - <BD> <3046>
      - <BF> <3048>
      - <C6> <304F>
      - <C8> <3051>
      - <CA> <3053>
      - <CC> <3055>
      - <CE> <3057>
      - <D0> <3059>
      - <D2> <305B>
      - <D4> <305D>
      - <D6> <305F>
      - <D8> <3061>
      - <DB> <3064>
      - <E9> <3072>
      - <EC> <3075>
      - <EF> <3078>
      - <F2> <307B>
      - <FB> <3084>
      - <FD> <3086>
      - <FF> <3088>
      - <51> <52> <2E80>
      - <5B> <5C> <2E9C>
      - <62> <66> <2EB4>
      - <67> <68> <2EBB>
      - <79> <7A> <3001>
      - <C1> <C4> <304A>
      - <DD> <DF> <3066>
      - <E1> <E6> <306A>
      - <F5> <F9> <307E>
  Font /F13: 13 0 R (/Type3, CIDFont (0 - 249))
    Encoding: /Encoding-Differences
    ToUnicode: 218 0 R
      - <7F> <2F40>
      - <82> <2F41>
      - <83> <2E99>
      - <B7> <2F42>
      - <B9> <2EEB>
      - <C1> <2F43>
      - <CB> <2F44>
      - <DB> <2F45>
      - <F5> <2F46>
      - <F6> <2E9B>
      - <F9> <2F47>
  Font /F14: 14 0 R (/Type3, CIDFont (0 - 227))
    Encoding: /Encoding-Differences
    ToUnicode: 224 0 R
      - <B9> <2F48>
      - <BF> <66F8>
      - <CC> <2F49>
      - <E3> <2F4A>
  Font /F15: 15 0 R (/Type3, CIDFont (0 - 49))
    Encoding: /Encoding-Differences
    ToUnicode: 232 0 R
      - <27> <0046>
      - <31> <0050>
      - <24> <25> <0043>
      - <2B> <2C> <004A>
  Font /F16: 16 0 R (/Type3, CIDFont (0 - 114))
    Encoding: /Encoding-Differences
    ToUnicode: 291 0 R
      - <07> <308F>
      - <18> <30A2>
      - <1A> <30A4>
      - <1C> <30A6>
      - <1E> <30A8>
      - <23> <30AD>
      - <25> <30AF>
      - <27> <30B1>
      - <29> <30B3>
      - <2B> <30B5>
      - <2D> <30B7>
      - <2F> <30B9>
      - <31> <30BB>
      - <33> <30BD>
      - <35> <30BF>
      - <37> <30C1>
      - <3A> <30C4>
      - <48> <30D2>
      - <4B> <30D5>
      - <51> <30DB>
      - <5A> <30E4>
      - <5C> <30E6>
      - <65> <30EF>
      - <72> <30FC>
      - <01> <05> <3089>
      - <0A> <0B> <3092>
      - <20> <21> <30AA>
      - <3C> <3E> <30C6>
      - <40> <45> <30CA>
      - <4D> <4E> <30D7>
      - <54> <58> <30DE>
      - <5E> <63> <30E8>
      - <68> <69> <30F2>
  Font /F17: 17 0 R (/Type3, CIDFont (0 - 228))
    Encoding: /Encoding-Differences
    ToUnicode: 303 0 R
      - <06> <2F26>
      - <0C> <5B57>
      - <28> <2F27>
      - <8B> <2F28>
      - <9E> <2F29>
      - <AA> <2E90>
      - <AB> <2E8F>
      - <BA> <2F2B>
      - <E1> <5C6E>
      - <E4> <2F2D>
  Font /F18: 18 0 R (/Type3, CIDFont (0 - 3))
    Encoding: /Encoding-Differences
    ToUnicode: 306 0 R
      - <03> <62BD>
  Font /F19: 19 0 R (/Type3, CIDFont (0 - 246))
    Encoding: /Encoding-Differences
    ToUnicode: 316 0 R
      - <28> <2F0F>
      - <38> <2F10>
      - <3D> <51FA>
      - <40> <2F11>
      - <42> <2E89>
      - <AA> <2F12>
      - <B3> <52A9>
      - <F6> <2F13>
  Font /F20: 20 0 R (/Type3, CIDFont (0 - 176))
    Encoding: /Encoding-Differences
    ToUnicode: 326 0 R
      - <24> <2F60>
      - <2B> <2F61>
      - <4C> <2F62>
      - <50> <2F63>
      - <59> <2F64>
      - <5F> <2F65>
      - <AA> <2F66>
      - <B0> <2F67>
  Font /F21: 21 0 R (/Type3, CIDFont (0 - 76))
    Encoding: /Encoding-Differences
    ToUnicode: 330 0 R
      - <31> <4F3C>
      - <4C> <4F5C>
  Font /F22: 22 0 R (/Type3, CIDFont (0 - 189))
    Encoding: /Encoding-Differences
    ToUnicode: 337 0 R
      - <89> <2F3D>
      - <8F> <6210>
      - <AD> <2F3E>
      - <BC> <2F3F>
      - <BD> <2E98>
  Font /F23: 23 0 R (/Type3, CIDFont (0 - 249))
    Encoding: /Encoding-Differences
    ToUnicode: 352 0 R
      - <05> <2E93>
      - <0A> <2F34>
      - <29> <5EB7>
      - <54> <2F35>
      - <5D> <2F36>
      - <69> <2F37>
      - <70> <2F38>
      - <A1> <2F39>
      - <A2> <2E94>
      - <AD> <2F3A>
      - <BD> <2F3B>
      - <F8> <2F3C>
      - <F9> <2E96>
  Font /F24: 24 0 R (/Type3, CIDFont (0 - 213))
    Encoding: /Encoding-Differences
    ToUnicode: 364 0 R
      - <1F> <7155>
      - <83> <2F56>
      - <8C> <2F57>
      - <90> <2F58>
      - <94> <2F59>
      - <9B> <2F5A>
      - <A8> <2F5B>
      - <AA> <2F5C>
      - <D4> <2F5D>
      - <D5> <2EA8>
  Font /F25: 25 0 R (/Type3, CIDFont (0 - 225))
    Encoding: /Encoding-Differences
    ToUnicode: 372 0 R
      - <1A> <2FA2>
      - <4B> <90E8>
      - <81> <2FA3>
      - <D7> <2FA4>
      - <DC> <2FA5>
      - <E1> <2FA6>
  Font /F26: 26 0 R (/Type3, CIDFont (0 - 253))
    Encoding: /Encoding-Differences
    ToUnicode: 388 0 R
      - <05> <2EE0>
      - <06> <2FB8>
      - <09> <2FB9>
      - <12> <2FBA>
      - <8A> <2EE2>
      - <8B> <2FBB>
      - <8C> <2EE3>
      - <AF> <2FBC>
      - <B4> <2FBD>
      - <E8> <2FBE>
      - <F2> <2FBF>
      - <F4> <2FC0>
      - <FC> <2FC1>
      - <FD> <2EE4>
  Font /F27: 27 0 R (/Type3, CIDFont (0 - 254))
    Encoding: /Encoding-Differences
    ToUnicode: 391 0 R
      - <FE> <6F22>
  Font /F28: 28 0 R (/Type3, CIDFont (0 - 218))
    Encoding: /Encoding-Differences
    ToUnicode: 407 0 R
      - <5D> <2F00>
      - <7B> <2F01>
      - <7F> <2EA6>
      - <87> <2F02>
      - <8D> <2F03>
      - <9F> <2F04>
      - <A0> <2E83>
      - <A1> <2E82>
      - <B1> <2EF2>
      - <B3> <2F05>
      - <B9> <2F06>
      - <C9> <2F07>
      - <D9> <2F08>
      - <DA> <2E85>
  Font /F29: 29 0 R (/Type3, CIDFont (0 - 254))
    Encoding: /Encoding-Differences
    ToUnicode: 416 0 R
      - <AA> <2F09>
      - <AB> <2E8E>
      - <C8> <2F0A>
      - <CE> <2F0B>
      - <DE> <2F0C>
      - <EF> <2F0D>
      - <FE> <2F0E>
  Font /F30: 30 0 R (/Type3, CIDFont (0 - 167))
    Encoding: /Encoding-Differences
    ToUnicode: 429 0 R
      - <0D> <2F14>
      - <12> <2F15>
      - <2A> <2F16>
      - <33> <2F17>
      - <48> <2F18>
      - <4D> <2EE7>
      - <51> <2F19>
      - <64> <2F1A>
      - <84> <2F1B>
      - <90> <2F1C>
      - <A7> <2F1D>
  Font /F31: 31 0 R (/Type3, CIDFont (0 - 166))
    Encoding: /Encoding-Differences
    ToUnicode: 433 0 R
      - <71> <2F1E>
      - <A6> <2F1F>
  Font /F32: 32 0 R (/Type3, CIDFont (0 - 232))
    Encoding: /Encoding-Differences
    ToUnicode: 440 0 R
      - <BE> <2F20>
      - <CD> <2F21>
      - <D1> <2F22>
      - <DA> <2F23>
      - <E8> <2F24>
  Font /F33: 33 0 R (/Type3, CIDFont (0 - 35))
    Encoding: /Encoding-Differences
    ToUnicode: 443 0 R
      - <23> <2F25>
  Font /F34: 34 0 R (/Type3, CIDFont (0 - 252))
    Encoding: /Encoding-Differences
    ToUnicode: 451 0 R
      - <9F> <2F2E>
      - <A7> <2F2F>
      - <AE> <2F30>
      - <B0> <2E92>
      - <B8> <2F31>
      - <FC> <2F32>
  Font /F35: 35 0 R (/Type3, CIDFont (0 - 251))
    Encoding: /Encoding-Differences
    ToUnicode: 461 0 R
      - <83> <2F4B>
      - <AB> <2F4C>
      - <B6> <2EED>
      - <BE> <2F4D>
      - <BF> <2E9E>
      - <E5> <2F4E>
      - <F9> <2F4F>
      - <FB> <2E9F>
  Font /F36: 36 0 R (/Type3, CIDFont (0 - 48))
    Encoding: /Encoding-Differences
    ToUnicode: 470 0 R
      - <01> <2F50>
      - <06> <2F51>
      - <1D> <2F52>
      - <1F> <2EA0>
      - <22> <2F53>
      - <2F> <2F54>
      - <30> <2EA1>
  Font /F37: 37 0 R (/Type3, CIDFont (0 - 186))
    Encoding: /Encoding-Differences
    ToUnicode: 474 0 R
      - <B9> <2F55>
      - <BA> <2EA3>
  Font /F38: 38 0 R (/Type3, CIDFont (0 - 88))
    Encoding: /Encoding-Differences
    ToUnicode: 478 0 R
      - <54> <2F5E>
      - <58> <2F5F>
  Font /F39: 39 0 R (/Type3, CIDFont (0 - 160))
    Encoding: /Encoding-Differences
    ToUnicode: 485 0 R
      - <4B> <2F68>
      - <50> <2F69>
      - <75> <2F6A>
      - <7F> <2F6B>
      - <A0> <2F6C>
  Font /F4: 4 0 R (/Type3, CIDFont (0 - 49))
    Encoding: /Encoding-Differences
    ToUnicode: 104 0 R
      - <25> <0044>
      - <27> <0046>
      - <31> <0050>
  Font /F40: 40 0 R (/Type3, CIDFont (0 - 235))
    Encoding: /Encoding-Differences
    ToUnicode: 492 0 R
      - <2B> <2F6D>
      - <30> <2F6E>
      - <3E> <2F6F>
      - <EA> <2F70>
      - <EB> <2EAD>
  Font /F41: 41 0 R (/Type3, CIDFont (0 - 250))
    Encoding: /Encoding-Differences
    ToUnicode: 499 0 R
      - <3B> <2F71>
      - <40> <2F72>
      - <B6> <2F73>
      - <EE> <2F74>
      - <FA> <2EEF>
  Font /F42: 42 0 R (/Type3, CIDFont (0 - 17))
    Encoding: /Encoding-Differences
    ToUnicode: 502 0 R
      - <11> <2F75>
  Font /F43: 43 0 R (/Type3, CIDFont (0 - 96))
    Encoding: /Encoding-Differences
    ToUnicode: 507 0 R
      - <0B> <2F76>
      - <5F> <2F77>
      - <60> <2EAF>
  Font /F44: 44 0 R (/Type3, CIDFont (0 - 237))
    Encoding: /Encoding-Differences
    ToUnicode: 516 0 R
      - <93> <2EB0>
      - <94> <2F78>
      - <A5> <2F79>
      - <A6> <2EAB>
      - <A7> <2EB1>
      - <CD> <2F7A>
      - <ED> <2F7B>
  Font /F45: 45 0 R (/Type3, CIDFont (0 - 108))
    Encoding: /Encoding-Differences
    ToUnicode: 526 0 R
      - <15> <2F7C>
      - <16> <2EB9>
      - <1F> <2F7D>
      - <25> <2F7E>
      - <39> <2F7F>
      - <64> <2F80>
      - <65> <2EBA>
      - <6C> <2F81>
  Font /F46: 46 0 R (/Type3, CIDFont (0 - 174))
    Encoding: /Encoding-Differences
    ToUnicode: 539 0 R
      - <41> <2F82>
      - <46> <2F83>
      - <4E> <2F84>
      - <56> <2F85>
      - <65> <2F86>
      - <72> <2F87>
      - <76> <2F88>
      - <A6> <2F89>
      - <A9> <2F8A>
      - <AD> <2F8B>
      - <AE> <2EBE>
  Font /F47: 47 0 R (/Type3, CIDFont (0 - 27))
    Encoding: /Encoding-Differences
    ToUnicode: 544 0 R
      - <02> <2F8C>
      - <04> <2EC1>
      - <1B> <2F8D>
  Font /F48: 48 0 R (/Type3, CIDFont (0 - 158))
    Encoding: /Encoding-Differences
    ToUnicode: 551 0 R
      - <38> <2F8E>
      - <43> <2F8F>
      - <57> <2F90>
      - <58> <2EC2>
      - <9E> <88DC>
  Font /F49: 49 0 R (/Type3, CIDFont (0 - 74))
    Encoding: /Encoding-Differences
    ToUnicode: 561 0 R
      - <03> <2F91>
      - <04> <2EC4>
      - <05> <2EC3>
      - <0D> <2F92>
      - <30> <2EC5>
      - <31> <2F93>
      - <32> <2EC6>
      - <4A> <2F94>
  Font /F5: 5 0 R (/Type3, CIDFont (0 - 229))
    Encoding: /Encoding-Differences
    ToUnicode: 109 0 R
      - <C2> <304B>
      - <E5> <306E>
  Font /F50: 50 0 R (/Type3, CIDFont (0 - 183))
    Encoding: /Encoding-Differences
    ToUnicode: 569 0 R
      - <73> <2EC8>
      - <74> <2F95>
      - <7D> <2F96>
      - <8A> <2F97>
      - <9F> <2F98>
      - <B7> <2F99>
  Font /F51: 51 0 R (/Type3, CIDFont (0 - 238))
    Encoding: /Encoding-Differences
    ToUnicode: 577 0 R
      - <1B> <2EC9>
      - <1C> <2F9A>
      - <26> <2F9B>
      - <42> <2F9C>
      - <D9> <2F9D>
      - <EE> <2F9E>
  Font /F52: 52 0 R (/Type3, CIDFont (0 - 113))
    Encoding: /Encoding-Differences
    ToUnicode: 585 0 R
      - <59> <2ECB>
      - <5A> <2F9F>
      - <6B> <2FA0>
      - <6F> <2FA1>
      - <70> <71> <2ECD>
  Font /F53: 53 0 R (/Type3, CIDFont (0 - 242))
    Encoding: /Encoding-Differences
    ToUnicode: 595 0 R
      - <A1> <2ED3>
      - <A2> <2FA8>
      - <F0> <2ED4>
      - <F1> <2FA9>
      - <F2> <2ED6>
      - <9C> <9E> <2ED0>
  Font /F54: 54 0 R (/Type3, CIDFont (0 - 212))
    Encoding: /Encoding-Differences
    ToUnicode: 605 0 R
      - <5E> <2FAA>
      - <61> <2FAB>
      - <80> <2FAC>
      - <C1> <2FAD>
      - <C2> <2ED8>
      - <CB> <2FAE>
      - <CE> <2FAF>
      - <D4> <2FB0>
  Font /F55: 55 0 R (/Type3, CIDFont (0 - 169))
    Encoding: /Encoding-Differences
    ToUnicode: 619 0 R
      - <17> <2FB1>
      - <29> <2ED9>
      - <2A> <2FB2>
      - <2F> <2FB3>
      - <38> <2FB4>
      - <8A> <2EDA>
      - <8B> <2FB5>
      - <A4> <2EDB>
      - <A5> <2FB6>
      - <A7> <2EDC>
      - <A8> <2FB7>
      - <A9> <2EDF>
  Font /F56: 56 0 R (/Type3, CIDFont (0 - 218))
    Encoding: /Encoding-Differences
    ToUnicode: 624 0 R
      - <11> <2FC2>
      - <D9> <2EE5>
      - <DA> <2FC3>
  Font /F57: 57 0 R (/Type3, CIDFont (0 - 248))
    Encoding: /Encoding-Differences
    ToUnicode: 642 0 R
      - <8C> <2EE6>
      - <8D> <2FC4>
      - <94> <2FC5>
      - <AD> <2FC6>
      - <AE> <2EE8>
      - <BD> <2FC7>
      - <C2> <2FC8>
      - <C3> <2EE9>
      - <C8> <2FC9>
      - <CC> <2FCA>
      - <CD> <9ED2>
      - <E8> <2FCB>
      - <EB> <2FCC>
      - <EC> <2EEA>
      - <F3> <2FCD>
      - <F8> <2FCE>
  Font /F58: 58 0 R (/Type3, CIDFont (0 - 198))
    Encoding: /Encoding-Differences
    ToUnicode: 661 0 R
      - <02> <2FCF>
      - <10> <2FD0>
      - <1B> <2FD1>
      - <1F> <2EEC>
      - <20> <2FD2>
      - <41> <2EEE>
      - <42> <2FD3>
      - <4B> <2EF0>
      - <4C> <2FD4>
      - <4D> <2EF1>
      - <50> <2EF3>
      - <51> <2FD5>
      - <9C> <2F2C>
      - <A9> <2EA4>
      - <BD> <2EC0>
      - <BE> <2EBF>
      - <C6> <2ECC>
  Font /F59: 59 0 R (/Type3, CIDFont (0 - 219))
    Encoding: /Encoding-Differences
    ToUnicode: 664 0 R
      - <DB> <2E87>
  Font /F6: 6 0 R (/Type3, CIDFont (0 - 114))
    Encoding: /Encoding-Differences
    ToUnicode: 118 0 R
      - <01> <3089>
      - <2F> <30B9>
      - <35> <30BF>
      - <72> <30FC>
      - <3C> <3E> <30C6>
  Font /F60: 60 0 R (/Type3, CIDFont (0 - 162))
    Encoding: /Encoding-Differences
    ToUnicode: 668 0 R
      - <9E> <2EB3>
      - <A2> <2E8B>
  Font /F61: 61 0 R (/Type3, CIDFont (0 - 64))
    Encoding: /Encoding-Differences
    ToUnicode: 673 0 R
      - <09> <2EDE>
      - <0D> <2EE1>
      - <40> <2E8D>
  Font /F62: 62 0 R (/Type3, CIDFont (0 - 251))
    Encoding: /Encoding-Differences
    ToUnicode: 681 0 R
      - <65> <2EA9>
      - <86> <2EAE>
      - <A9> <2EBD>
      - <CC> <2EC7>
      - <D8> <2ECA>
      - <FB> <2ED5>
  Font /F63: 63 0 R (/Type0, BaseFont /CAAAAA+ArialMT)
    Encoding: /Identity-H
    ToUnicode: 685 0 R
      - <0003> <0020>
      - <0027> <0044>
      - <0029> <0046>
      - <0033> <0050>
      - <005A> <0077>
      - <0010> <0016> <002D>
      - <0019> <001D> <0036>
      - <0044> <004D> <0061>
      - <004F> <0058> <006C>
  Font /F7: 7 0 R (/Type3, CIDFont (0 - 183))
    Encoding: /Encoding-Differences
    ToUnicode: 121 0 R
      - <B7> <2F42>
  Font /F8: 8 0 R (/Type3, CIDFont (0 - 12))
    Encoding: /Encoding-Differences
    ToUnicode: 124 0 R
      - <0C> <5B57>
  Font /F9: 9 0 R (/Type3, CIDFont (0 - 3))
    Encoding: /Encoding-Differences
    ToUnicode: 127 0 R
      - <03> <62BD>
