Info: 1 0 R
Root: 171 0 R
RootCreationDate: u:D:20260610155626+00'00'
RootCreator: u:Mozilla/5.0 (Windows NT 10.0; Win64; x64) AppleWebKit/537.36 (KHTML, like Gecko) Chrome/149.0.0.0 Safari/537.36
RootModDate: u:D:20260610155626+00'00'
RootProducer: u:Skia/PDF m149
RootTitle: u:PDF文字抽出テストデータ
Root-Pages: 131 0 R
Root-StructTreeRoot: 132 0 R
Page 1 obj: 2 0 R
  Font /F10: 10 0 R (/Type0, BaseFont /GAAAAA+BIZUDPGothic-Regular)
    Encoding: /Identity-H
    ToUnicode: 199 0 R
      - <001B> <5C71>
      - <001E> <6B21>
      - <0020> <5973>
      - <0021> <98DF>
      - <0023> <5FC3>
      - <002A> <7530>
      - <0030> <9762>
      - <0031> <6728>
      - <0035> <7ACB>
  Font /F100: 100 0 R (/Type3, CIDFont (0 - 48))
    Encoding: /Encoding-Differences
    ToUnicode: 659 0 R
      - <01> <2F50>
      - <06> <2F51>
      - <1D> <2F52>
      - <1F> <2EA0>
      - <22> <2F53>
      - <2F> <2F54>
      - <30> <2EA1>
  Font /F101: 101 0 R (/Type3, CIDFont (0 - 186))
    Encoding: /Encoding-Differences
    ToUnicode: 663 0 R
      - <B9> <2F55>
      - <BA> <2EA3>
  Font /F102: 102 0 R (/Type3, CIDFont (0 - 213))
    Encoding: /Encoding-Differences
    ToUnicode: 674 0 R
      - <83> <2F56>
      - <8C> <2F57>
      - <90> <2F58>
      - <94> <2F59>
      - <9B> <2F5A>
      - <A8> <2F5B>
      - <AA> <2F5C>
      - <D4> <2F5D>
      - <D5> <2EA8>
  Font /F103: 103 0 R (/Type3, CIDFont (0 - 88))
    Encoding: /Encoding-Differences
    ToUnicode: 678 0 R
      - <54> <2F5E>
      - <58> <2F5F>
  Font /F104: 104 0 R (/Type3, CIDFont (0 - 176))
    Encoding: /Encoding-Differences
    ToUnicode: 688 0 R
      - <24> <2F60>
      - <2B> <2F61>
      - <4C> <2F62>
      - <50> <2F63>
      - <59> <2F64>
      - <5F> <2F65>
      - <AA> <2F66>
      - <B0> <2F67>
  Font /F105: 105 0 R (/Type3, CIDFont (0 - 160))
    Encoding: /Encoding-Differences
    ToUnicode: 695 0 R
      - <4B> <2F68>
      - <50> <2F69>
      - <75> <2F6A>
      - <7F> <2F6B>
      - <A0> <2F6C>
  Font /F106: 106 0 R (/Type3, CIDFont (0 - 235))
    Encoding: /Encoding-Differences
    ToUnicode: 702 0 R
      - <2B> <2F6D>
      - <30> <2F6E>
      - <3E> <2F6F>
      - <EA> <2F70>
      - <EB> <2EAD>
  Font /F107: 107 0 R (/Type3, CIDFont (0 - 250))
    Encoding: /Encoding-Differences
    ToUnicode: 709 0 R
      - <3B> <2F71>
      - <40> <2F72>
      - <B6> <2F73>
      - <EE> <2F74>
      - <FA> <2EEF>
  Font /F108: 108 0 R (/Type3, CIDFont (0 - 17))
    Encoding: /Encoding-Differences
    ToUnicode: 712 0 R
      - <11> <2F75>
  Font /F109: 109 0 R (/Type3, CIDFont (0 - 96))
    Encoding: /Encoding-Differences
    ToUnicode: 717 0 R
      - <0B> <2F76>
      - <5F> <2F77>
      - <60> <2EAF>
  Font /F11: 11 0 R (/Type0, BaseFont /HAAAAA+BIZUDPGothic-Regular)
    Encoding: /Identity-H
    ToUnicode: 203 0 R
      - <0014> <5EB7>
  Font /F110: 110 0 R (/Type3, CIDFont (0 - 237))
    Encoding: /Encoding-Differences
    ToUnicode: 726 0 R
      - <93> <2EB0>
      - <94> <2F78>
      - <A5> <2F79>
      - <A6> <2EAB>
      - <A7> <2EB1>
      - <CD> <2F7A>
      - <ED> <2F7B>
  Font /F111: 111 0 R (/Type3, CIDFont (0 - 108))
    Encoding: /Encoding-Differences
    ToUnicode: 736 0 R
      - <15> <2F7C>
      - <16> <2EB9>
      - <1F> <2F7D>
      - <25> <2F7E>
      - <39> <2F7F>
      - <64> <2F80>
      - <65> <2EBA>
      - <6C> <2F81>
  Font /F112: 112 0 R (/Type3, CIDFont (0 - 174))
    Encoding: /Encoding-Differences
    ToUnicode: 749 0 R
      - <41> <2F82>
      - <46> <2F83>
      - <4E> <2F84>
      - <56> <2F85>
      - <65> <2F86>
      - <72> <2F87>
      - <76> <2F88>
      - <A6> <2F89>
      - <A9> <2F8A>
      - <AD> <2F8B>
      - <AE> <2EBE>
  Font /F113: 113 0 R (/Type3, CIDFont (0 - 27))
    Encoding: /Encoding-Differences
    ToUnicode: 754 0 R
      - <02> <2F8C>
      - <04> <2EC1>
      - <1B> <2F8D>
  Font /F114: 114 0 R (/Type3, CIDFont (0 - 88))
    Encoding: /Encoding-Differences
    ToUnicode: 760 0 R
      - <38> <2F8E>
      - <43> <2F8F>
      - <57> <2F90>
      - <58> <2EC2>
  Font /F115: 115 0 R (/Type3, CIDFont (0 - 74))
    Encoding: /Encoding-Differences
    ToUnicode: 770 0 R
      - <03> <2F91>
      - <04> <2EC4>
      - <05> <2EC3>
      - <0D> <2F92>
      - <30> <2EC5>
      - <31> <2F93>
      - <32> <2EC6>
      - <4A> <2F94>
  Font /F116: 116 0 R (/Type3, CIDFont (0 - 183))
    Encoding: /Encoding-Differences
    ToUnicode: 778 0 R
      - <73> <2EC8>
      - <74> <2F95>
      - <7D> <2F96>
      - <8A> <2F97>
      - <9F> <2F98>
      - <B7> <2F99>
  Font /F117: 117 0 R (/Type3, CIDFont (0 - 238))
    Encoding: /Encoding-Differences
    ToUnicode: 786 0 R
      - <1B> <2EC9>
      - <1C> <2F9A>
      - <26> <2F9B>
      - <42> <2F9C>
      - <D9> <2F9D>
      - <EE> <2F9E>
  Font /F118: 118 0 R (/Type3, CIDFont (0 - 113))
    Encoding: /Encoding-Differences
    ToUnicode: 794 0 R
      - <59> <2ECB>
      - <5A> <2F9F>
      - <6B> <2FA0>
      - <6F> <2FA1>
      - <70> <71> <2ECD>
  Font /F119: 119 0 R (/Type3, CIDFont (0 - 225))
    Encoding: /Encoding-Differences
    ToUnicode: 801 0 R
      - <1A> <2FA2>
      - <81> <2FA3>
      - <D7> <2FA4>
      - <DC> <2FA5>
      - <E1> <2FA6>
  Font /F12: 12 0 R (/Type0, BaseFont /IAAAAA+BIZUDPGothic-Regular)
    Encoding: /Identity-H
    ToUnicode: 207 0 R
      - <0049> <7155>
  Font /F120: 120 0 R (/Type3, CIDFont (0 - 242))
    Encoding: /Encoding-Differences
    ToUnicode: 811 0 R
      - <A1> <2ED3>
      - <A2> <2FA8>
      - <F0> <2ED4>
      - <F1> <2FA9>
      - <F2> <2ED6>
      - <9C> <9E> <2ED0>
  Font /F121: 121 0 R (/Type3, CIDFont (0 - 212))
    Encoding: /Encoding-Differences
    ToUnicode: 821 0 R
      - <5E> <2FAA>
      - <61> <2FAB>
      - <80> <2FAC>
      - <C1> <2FAD>
      - <C2> <2ED8>
      - <CB> <2FAE>
      - <CE> <2FAF>
      - <D4> <2FB0>
  Font /F122: 122 0 R (/Type3, CIDFont (0 - 169))
    Encoding: /Encoding-Differences
    ToUnicode: 835 0 R
      - <17> <2FB1>
      - <29> <2ED9>
      - <2A> <2FB2>
      - <2F> <2FB3>
      - <38> <2FB4>
      - <8A> <2EDA>
      - <8B> <2FB5>
      - <A4> <2EDB>
      - <A5> <2FB6>
      - <A7> <2EDC>
      - <A8> <2FB7>
      - <A9> <2EDF>
  Font /F123: 123 0 R (/Type3, CIDFont (0 - 253))
    Encoding: /Encoding-Differences
    ToUnicode: 851 0 R
      - <05> <2EE0>
      - <06> <2FB8>
      - <09> <2FB9>
      - <12> <2FBA>
      - <8A> <2EE2>
      - <8B> <2FBB>
      - <8C> <2EE3>
      - <AF> <2FBC>
      - <B4> <2FBD>
      - <E8> <2FBE>
      - <F2> <2FBF>
      - <F4> <2FC0>
      - <FC> <2FC1>
      - <FD> <2EE4>
  Font /F124: 124 0 R (/Type3, CIDFont (0 - 218))
    Encoding: /Encoding-Differences
    ToUnicode: 856 0 R
      - <11> <2FC2>
      - <D9> <2EE5>
      - <DA> <2FC3>
  Font /F125: 125 0 R (/Type3, CIDFont (0 - 107))
    Encoding: /Encoding-Differences
    ToUnicode: 885 0 R
      - <53> <2E84>
      - <54> <2E86>
      - <55> <2E88>
      - <56> <2E8A>
      - <57> <2E8C>
      - <58> <2E91>
      - <59> <2E95>
      - <5A> <2E97>
      - <5D> <2EA2>
      - <5E> <2EA5>
      - <5F> <2EA7>
      - <60> <2EAA>
      - <61> <2EAC>
      - <69> <2ECF>
      - <6A> <2ED7>
      - <6B> <2EDD>
      - <51> <52> <2E80>
      - <5B> <5C> <2E9C>
      - <62> <66> <2EB4>
      - <67> <68> <2EBB>
  Font /F126: 126 0 R (/Type3, CIDFont (0 - 219))
    Encoding: /Encoding-Differences
    ToUnicode: 888 0 R
      - <DB> <2E87>
  Font /F127: 127 0 R (/Type3, CIDFont (0 - 162))
    Encoding: /Encoding-Differences
    ToUnicode: 892 0 R
      - <9E> <2EB3>
      - <A2> <2E8B>
  Font /F128: 128 0 R (/Type3, CIDFont (0 - 64))
    Encoding: /Encoding-Differences
    ToUnicode: 897 0 R
      - <09> <2EDE>
      - <0D> <2EE1>
      - <40> <2E8D>
  Font /F129: 129 0 R (/Type3, CIDFont (0 - 251))
    Encoding: /Encoding-Differences
    ToUnicode: 905 0 R
      - <65> <2EA9>
      - <86> <2EAE>
      - <A9> <2EBD>
      - <CC> <2EC7>
      - <D8> <2ECA>
      - <FB> <2ED5>
  Font /F13: 13 0 R (/Type0, BaseFont /JAAAAA+BIZUDPGothic-Regular)
    Encoding: /Identity-H
    ToUnicode: 211 0 R
      - <001C> <9996>
      - <001F> <8D70>
      - <002A> <516B>
      - <0030> <6BDB>
      - <0033> <91CC>
  Font /F14: 14 0 R (/Type0, BaseFont /KAAAAA+BIZUDPGothic-Regular)
    Encoding: /Identity-H
    ToUnicode: 215 0 R
      - <0005> <3080>
      - <0017> <793A>
      - <001B> <66F8>
      - <001D> <6C34>
      - <001F> <6210>
      - <0025> <9577>
      - <0033> <529B>
  Font /F15: 15 0 R (/Type0, BaseFont /LAAAAA+BIZUDPGothic-Regular)
    Encoding: /Identity-H
    ToUnicode: 219 0 R
      - <0013> <9ED2>
      - <0019> <58EB>
      - <002A> <8C37>
      - <0031> <6BD4>
  Font /F16: 16 0 R (/Type0, BaseFont /MAAAAA+BIZUDPGothic-Regular)
    Encoding: /Identity-H
    ToUnicode: 223 0 R
      - <000C> <89D2>
      - <000D> <8F03>
      - <001A> <4F3C>
      - <001B> <9E7F>
      - <002E> <9EBB>
      - <0034> <8001>
  Font /F17: 17 0 R (/Type0, BaseFont /NAAAAA+BIZUDPGothic-Regular)
    Encoding: /Identity-H
    ToUnicode: 227 0 R
      - <001A> <5DE5>
      - <001D> <652F>
      - <0022> <897F>
      - <002C> <4E8C>
      - <002E> <98A8>
  Font /F19: 19 0 R (/Type3, CIDFont (0 - 248))
    Encoding: /Encoding-Differences
    ToUnicode: 244 0 R
      - <8C> <2EE6>
      - <8D> <2FC4>
      - <94> <2FC5>
      - <AD> <2FC6>
      - <AE> <2EE8>
      - <BD> <2FC7>
      - <C2> <2FC8>
      - <C3> <2EE9>
      - <C8> <2FC9>
      - <CC> <2FCA>
      - <E8> <2FCB>
      - <EB> <2FCC>
      - <EC> <2EEA>
      - <F3> <2FCD>
      - <F8> <2FCE>
  Font /F20: 20 0 R (/Type0, BaseFont /PAAAAA+BIZUDPGothic-Regular)
    Encoding: /Identity-H
    ToUnicode: 249 0 R
      - <000E> <6F22>
      - <0012> <7384>
      - <001B> <5BF8>
      - <002A> <9F3B>
      - <0033> <7ADC>
  Font /F21: 21 0 R (/Type0, BaseFont /QAAAAA+BIZUDPGothic-Regular)
    Encoding: /Identity-H
    ToUnicode: 253 0 R
      - <0005> <4E28>
      - <0023> <4E36>
      - <0024> <4E3F>
      - <0029> <4E85>
      - <002E> <4EA0>
  Font /F22: 22 0 R (/Type0, BaseFont /RAAAAA+BIZUDPGothic-Regular)
    Encoding: /Identity-H
    ToUnicode: 257 0 R
      - <0006> <4E59>
  Font /F23: 23 0 R (/Type0, BaseFont /SAAAAA+BIZUDPGothic-Regular)
    Encoding: /Identity-H
    ToUnicode: 261 0 R
      - <0037> <513F>
      - <0041> <5182>
      - <0048> <5196>
      - <004E> <51AB>
      - <0057> <51E0>
      - <005A> <51F5>
  Font /F24: 24 0 R (/Type0, BaseFont /TAAAAA+BIZUDPGothic-Regular)
    Encoding: /Identity-H
    ToUnicode: 265 0 R
      - <0026> <5200>
  Font /F25: 25 0 R (/Type0, BaseFont /UAAAAA+BIZUDPGothic-Regular)
    Encoding: /Identity-H
    ToUnicode: 269 0 R
      - <003D> <52F9>
      - <0043> <5315>
      - <0044> <531A>
      - <0049> <5338>
      - <004F> <5369>
      - <0053> <5382>
      - <005A> <53B6>
  Font /F26: 26 0 R (/Type0, BaseFont /VAAAAA+BIZUDPGothic-Regular)
    Encoding: /Identity-H
    ToUnicode: 273 0 R
      - <001D> <5341>
      - <0027> <9CE5>
      - <0030> <7C73>
  Font /F27: 27 0 R (/Type0, BaseFont /WAAAAA+BIZUDPGothic-Regular)
    Encoding: /Identity-H
    ToUnicode: 277 0 R
      - <001D> <535C>
  Font /F28: 28 0 R (/Type0, BaseFont /XAAAAA+BIZUDPGothic-Regular)
    Encoding: /Identity-H
    ToUnicode: 281 0 R
      - <0008> <4E80>
      - <002B> <53C8>
  Font /F29: 29 0 R (/Type0, BaseFont /YAAAAA+BIZUDPGothic-Regular)
    Encoding: /Identity-H
    ToUnicode: 285 0 R
      - <0013> <8A00>
      - <0016> <53E3>
      - <0021> <8ECA>
  Font /F30: 30 0 R (/Type0, BaseFont /ZAAAAA+BIZUDPGothic-Regular)
    Encoding: /Identity-H
    ToUnicode: 289 0 R
      - <0043> <56D7>
  Font /F31: 31 0 R (/Type0, BaseFont /ABAAAA+BIZUDPGothic-Regular)
    Encoding: /Identity-H
    ToUnicode: 293 0 R
      - <0007> <97F3>
      - <0021> <8272>
      - <0022> <8EAB>
      - <002D> <571F>
      - <0032> <767D>
  Font /F32: 32 0 R (/Type0, BaseFont /BBAAAA+BIZUDPGothic-Regular)
    Encoding: /Identity-H
    ToUnicode: 297 0 R
      - <005B> <5902>
      - <005C> <590A>
  Font /F33: 33 0 R (/Type0, BaseFont /CBAAAA+BIZUDPGothic-Regular)
    Encoding: /Identity-H
    ToUnicode: 301 0 R
      - <0028> <76AE>
      - <0033> <5915>
  Font /F34: 34 0 R (/Type0, BaseFont /DBAAAA+BIZUDPGothic-Regular)
    Encoding: /Identity-H
    ToUnicode: 305 0 R
      - <005B> <5B80>
  Font /F35: 35 0 R (/Type0, BaseFont /EBAAAA+BIZUDPGothic-Regular)
    Encoding: /Identity-H
    ToUnicode: 309 0 R
      - <0042> <5C22>
      - <0044> <5C38>
      - <004C> <5C6E>
  Font /F36: 36 0 R (/Type0, BaseFont /FBAAAA+BIZUDPGothic-Regular)
    Encoding: /Identity-H
    ToUnicode: 313 0 R
      - <0029> <5DDB>
      - <003F> <5E7A>
      - <0040> <5E7F>
      - <0053> <5EF4>
      - <0055> <5EFE>
      - <005A> <5F0B>
  Font /F37: 37 0 R (/Type0, BaseFont /GBAAAA+BIZUDPGothic-Regular)
    Encoding: /Identity-H
    ToUnicode: 317 0 R
      - <000D> <7FBD>
      - <0018> <5DF1>
      - <002E> <7236>
  Font /F38: 38 0 R (/Type0, BaseFont /HBAAAA+BIZUDPGothic-Regular)
    Encoding: /Identity-H
    ToUnicode: 321 0 R
      - <000E> <5DFE>
      - <0018> <821F>
  Font /F39: 39 0 R (/Type0, BaseFont /IBAAAA+BIZUDPGothic-Regular)
    Encoding: /Identity-H
    ToUnicode: 325 0 R
      - <0010> <5E72>
      - <0015> <9B3C>
      - <0016> <725B>
      - <001B> <8033>
      - <001E> <8F9B>
  Font /F4: 4 0 R (/Type0, BaseFont /AAAAAA+BIZUDPGothic-Regular)
    Encoding: /Identity-H
    ToUnicode: 175 0 R
      - <0010> <0020>
      - <001B> <002B>
      - <0022> <0032>
      - <0029> <0039>
      - <0031> <0041>
      - <0040> <0050>
      - <0045> <0055>
      - <0033> <0036> <0043>
      - <003A> <003B> <004A>
  Font /F40: 40 0 R (/Type0, BaseFont /JBAAAA+BIZUDPGothic-Regular)
    Encoding: /Identity-H
    ToUnicode: 329 0 R
      - <000E> <5F13>
      - <0012> <9F13>
  Font /F41: 41 0 R (/Type3, CIDFont (0 - 249))
    Encoding: /Encoding-Differences
    ToUnicode: 343 0 R
      - <05> <2E93>
      - <0A> <2F34>
      - <54> <2F35>
      - <5D> <2F36>
      - <69> <2F37>
      - <70> <2F38>
      - <A1> <2F39>
      - <A2> <2E94>
      - <AD> <2F3A>
      - <BD> <2F3B>
      - <F8> <2F3C>
      - <F9> <2E96>
  Font /F42: 42 0 R (/Type0, BaseFont /KBAAAA+BIZUDPGothic-Regular)
    Encoding: /Identity-H
    ToUnicode: 347 0 R
      - <002D> <5F61>
  Font /F43: 43 0 R (/Type0, BaseFont /LBAAAA+BIZUDPGothic-Regular)
    Encoding: /Identity-H
    ToUnicode: 351 0 R
      - <0011> <5F73>
  Font /F44: 44 0 R (/Type0, BaseFont /MBAAAA+BIZUDPGothic-Regular)
    Encoding: /Identity-H
    ToUnicode: 355 0 R
      - <0041> <6208>
  Font /F45: 45 0 R (/Type0, BaseFont /NBAAAA+BIZUDPGothic-Regular)
    Encoding: /Identity-H
    ToUnicode: 359 0 R
      - <001B> <7389>
      - <001E> <6238>
      - <002A> <8D64>
      - <0033> <99AC>
  Font /F46: 46 0 R (/Type0, BaseFont /OBAAAA+BIZUDPGothic-Regular)
    Encoding: /Identity-H
    ToUnicode: 363 0 R
      - <0005> <65A4>
      - <0022> <6534>
      - <003E> <65E0>
  Font /F47: 47 0 R (/Type0, BaseFont /PBAAAA+BIZUDPGothic-Regular)
    Encoding: /Identity-H
    ToUnicode: 367 0 R
      - <000F> <7F36>
      - <0026> <6597>
  Font /F48: 48 0 R (/Type0, BaseFont /QBAAAA+BIZUDPGothic-Regular)
    Encoding: /Identity-H
    ToUnicode: 371 0 R
      - <0081> <6708>
      - <0083> <65E5>
  Font /F49: 49 0 R (/Type0, BaseFont /RBAAAA+BIZUDPGothic-Regular)
    Encoding: /Identity-H
    ToUnicode: 375 0 R
      - <0009> <74DC>
      - <002A> <66F0>
  Font /F5: 5 0 R (/Type0, BaseFont /BAAAAA+BIZUDPGothic-Regular)
    Encoding: /Identity-H
    ToUnicode: 179 0 R
      - <000E> <30FC>
      - <0010> <3042>
      - <0012> <3044>
      - <0014> <3046>
      - <0016> <3048>
      - <001D> <304F>
      - <001F> <3051>
      - <0021> <3053>
      - <0023> <3055>
      - <0025> <3057>
      - <0027> <3059>
      - <0029> <305B>
      - <002B> <305D>
      - <002D> <305F>
      - <002F> <3061>
      - <0032> <3064>
      - <0040> <3072>
      - <0043> <3075>
      - <0046> <3078>
      - <0049> <307B>
      - <0051> <3084>
      - <0053> <3086>
      - <005C> <308F>
      - <0061> <30A2>
      - <0063> <30A4>
      - <0065> <30A6>
      - <0067> <30A8>
      - <006C> <30AD>
      - <006E> <30AF>
      - <0070> <30B1>
      - <0072> <30B3>
      - <0074> <30B5>
      - <0076> <30B7>
      - <0078> <30B9>
      - <007A> <30BB>
      - <007C> <30BD>
      - <007E> <30BF>
      - <0080> <30C1>
      - <0091> <30D2>
      - <0094> <30D5>
      - <00A2> <30E4>
      - <00A4> <30E6>
      - <00AC> <30EF>
      - <0007> <0008> <3001>
      - <0018> <001B> <304A>
      - <0034> <0036> <3066>
      - <0038> <003D> <306A>
      - <004C> <004D> <307E>
      - <004E> <004F> <3081>
      - <0055> <005A> <3088>
      - <005E> <005F> <3092>
      - <0069> <006A> <30AA>
      - <0082> <0083> <30C3>
      - <0085> <0087> <30C6>
      - <0089> <008E> <30CA>
      - <0096> <0097> <30D7>
      - <009A> <009B> <30DB>
      - <009D> <00A0> <30DE>
      - <00A6> <00AB> <30E8>
      - <00AE> <00AF> <30F2>
  Font /F50: 50 0 R (/Type0, BaseFont /SBAAAA+BIZUDPGothic-Regular)
    Encoding: /Identity-H
    ToUnicode: 379 0 R
      - <0019> <6B20>
      - <001F> <81F3>
      - <002A> <7AF9>
  Font /F51: 51 0 R (/Type0, BaseFont /TBAAAA+BIZUDPGothic-Regular)
    Encoding: /Identity-H
    ToUnicode: 383 0 R
      - <0014> <6B62>
      - <001C> <77F3>
      - <001F> <8DB3>
      - <0030> <9580>
  Font /F52: 52 0 R (/Type0, BaseFont /UBAAAA+BIZUDPGothic-Regular)
    Encoding: /Identity-H
    ToUnicode: 387 0 R
      - <0054> <6B79>
  Font /F53: 53 0 R (/Type0, BaseFont /VBAAAA+BIZUDPGothic-Regular)
    Encoding: /Identity-H
    ToUnicode: 391 0 R
      - <0019> <6BB3>
      - <001D> <6BCB>
      - <0025> <6C14>
  Font /F54: 54 0 R (/Type0, BaseFont /WBAAAA+BIZUDPGothic-Regular)
    Encoding: /Identity-H
    ToUnicode: 395 0 R
      - <0015> <6C0F>
      - <001A> <52A9>
      - <0026> <8089>
      - <0028> <98DB>
  Font /F55: 55 0 R (/Type0, BaseFont /XBAAAA+BIZUDPGothic-Regular)
    Encoding: /Identity-H
    ToUnicode: 399 0 R
      - <0020> <722A>
  Font /F56: 56 0 R (/Type0, BaseFont /YBAAAA+BIZUDPGothic-Regular)
    Encoding: /Identity-H
    ToUnicode: 403 0 R
      - <002C> <723B>
      - <002E> <723F>
  Font /F57: 57 0 R (/Type0, BaseFont /ZBAAAA+BIZUDPGothic-Regular)
    Encoding: /Identity-H
    ToUnicode: 407 0 R
      - <002A> <7247>
  Font /F58: 58 0 R (/Type0, BaseFont /ACAAAA+BIZUDPGothic-Regular)
    Encoding: /Identity-H
    ToUnicode: 411 0 R
      - <000B> <7259>
      - <0022> <8FB0>
  Font /F59: 59 0 R (/Type0, BaseFont /BCAAAA+BIZUDPGothic-Regular)
    Encoding: /Identity-H
    ToUnicode: 415 0 R
      - <0009> <9769>
      - <0012> <7A74>
      - <0013> <72AC>
      - <0015> <9AA8>
      - <0023> <8C46>
      - <002E> <77E2>
  Font /F6: 6 0 R (/Type0, BaseFont /CAAAAA+BIZUDPGothic-Regular)
    Encoding: /Identity-H
    ToUnicode: 183 0 R
      - <0008> <30E2>
      - <000E> <91D1>
      - <0011> <9AD8>
      - <0013> <4F5C>
      - <0016> <5B50>
      - <0017> <81EA>
      - <001A> <624B>
      - <001C> <5C0F>
      - <0027> <8868>
      - <002A> <90E8>
      - <002C> <6587>
  Font /F60: 60 0 R (/Type0, BaseFont /CCAAAA+BIZUDPGothic-Regular)
    Encoding: /Identity-H
    ToUnicode: 419 0 R
      - <000A> <74E6>
  Font /F61: 61 0 R (/Type0, BaseFont /DCAAAA+BIZUDPGothic-Regular)
    Encoding: /Identity-H
    ToUnicode: 423 0 R
      - <000B> <7518>
      - <002C> <961C>
  Font /F62: 62 0 R (/Type0, BaseFont /ECAAAA+BIZUDPGothic-Regular)
    Encoding: /Identity-H
    ToUnicode: 427 0 R
      - <000D> <758B>
      - <005C> <7676>
      - <0066> <7592>
  Font /F63: 63 0 R (/Type0, BaseFont /FCAAAA+BIZUDPGothic-Regular)
    Encoding: /Identity-H
    ToUnicode: 431 0 R
      - <0006> <81FC>
      - <0025> <9801>
      - <0029> <77DB>
      - <0032> <8278>
  Font /F64: 64 0 R (/Type0, BaseFont /GCAAAA+BIZUDPGothic-Regular)
    Encoding: /Identity-H
    ToUnicode: 435 0 R
      - <0006> <79BE>
      - <0062> <79B8>
  Font /F65: 65 0 R (/Type0, BaseFont /HCAAAA+BIZUDPGothic-Regular)
    Encoding: /Identity-H
    ToUnicode: 439 0 R
      - <0016> <7CF8>
  Font /F66: 66 0 R (/Type0, BaseFont /ICAAAA+BIZUDPGothic-Regular)
    Encoding: /Identity-H
    ToUnicode: 443 0 R
      - <0036> <7F51>
  Font /F67: 67 0 R (/Type0, BaseFont /JCAAAA+BIZUDPGothic-Regular)
    Encoding: /Identity-H
    ToUnicode: 447 0 R
      - <0008> <800C>
      - <002E> <8012>
      - <0044> <807F>
  Font /F68: 68 0 R (/Type0, BaseFont /KCAAAA+BIZUDPGothic-Regular)
    Encoding: /Identity-H
    ToUnicode: 451 0 R
      - <001A> <81E3>
      - <001C> <820C>
  Font /F69: 69 0 R (/Type0, BaseFont /LCAAAA+BIZUDPGothic-Regular)
    Encoding: /Identity-H
    ToUnicode: 455 0 R
      - <0008> <826E>
      - <000A> <821B>
  Font /F7: 7 0 R (/Type0, BaseFont /DAAAAA+BIZUDPGothic-Regular)
    Encoding: /Identity-H
    ToUnicode: 187 0 R
      - <0008> <706B>
      - <0014> <9999>
      - <0017> <5B57>
      - <001C> <9752>
      - <002A> <975E>
  Font /F70: 70 0 R (/Type0, BaseFont /MCAAAA+BIZUDPGothic-Regular)
    Encoding: /Identity-H
    ToUnicode: 459 0 R
      - <0055> <864D>
  Font /F71: 71 0 R (/Type0, BaseFont /NCAAAA+BIZUDPGothic-Regular)
    Encoding: /Identity-H
    ToUnicode: 463 0 R
      - <0020> <866B>
      - <002E> <9F8D>
  Font /F72: 72 0 R (/Type0, BaseFont /OCAAAA+BIZUDPGothic-Regular)
    Encoding: /Identity-H
    ToUnicode: 467 0 R
      - <0006> <96E8>
      - <000F> <9B5A>
      - <0013> <8840>
  Font /F73: 73 0 R (/Type0, BaseFont /PCAAAA+BIZUDPGothic-Regular)
    Encoding: /Identity-H
    ToUnicode: 471 0 R
      - <0005> <8863>
      - <002B> <88DC>
  Font /F74: 74 0 R (/Type0, BaseFont /QCAAAA+BIZUDPGothic-Regular)
    Encoding: /Identity-H
    ToUnicode: 475 0 R
      - <0012> <897E>
  Font /F75: 75 0 R (/Type0, BaseFont /RCAAAA+BIZUDPGothic-Regular)
    Encoding: /Identity-H
    ToUnicode: 479 0 R
      - <002B> <8C55>
      - <002E> <8C78>
  Font /F76: 76 0 R (/Type0, BaseFont /SCAAAA+BIZUDPGothic-Regular)
    Encoding: /Identity-H
    ToUnicode: 483 0 R
      - <0007> <8C9D>
  Font /F77: 77 0 R (/Type0, BaseFont /TCAAAA+BIZUDPGothic-Regular)
    Encoding: /Identity-H
    ToUnicode: 487 0 R
      - <0051> <8FB5>
  Font /F78: 78 0 R (/Type0, BaseFont /UCAAAA+BIZUDPGothic-Regular)
    Encoding: /Identity-H
    ToUnicode: 491 0 R
      - <0027> <9091>
  Font /F79: 79 0 R (/Type0, BaseFont /VCAAAA+BIZUDPGothic-Regular)
    Encoding: /Identity-H
    ToUnicode: 495 0 R
      - <000B> <9149>
      - <000D> <91C6>
  Font /F8: 8 0 R (/Type0, BaseFont /EAAAAA+BIZUDPGothic-Regular)
    Encoding: /Identity-H
    ToUnicode: 191 0 R
      - <0018> <76BF>
      - <0022> <62BD>
      - <002E> <7F8A>
  Font /F80: 80 0 R (/Type0, BaseFont /WCAAAA+BIZUDPGothic-Regular)
    Encoding: /Identity-H
    ToUnicode: 499 0 R
      - <0051> <96B6>
      - <0053> <96B9>
  Font /F81: 81 0 R (/Type0, BaseFont /XCAAAA+BIZUDPGothic-Regular)
    Encoding: /Identity-H
    ToUnicode: 503 0 R
      - <0031> <97CB>
      - <0033> <97ED>
      - <009F> <9751>
  Font /F82: 82 0 R (/Type0, BaseFont /YCAAAA+BIZUDPGothic-Regular)
    Encoding: /Identity-H
    ToUnicode: 507 0 R
      - <0050> <9ADF>
  Font /F83: 83 0 R (/Type0, BaseFont /ZCAAAA+BIZUDPGothic-Regular)
    Encoding: /Identity-H
    ToUnicode: 511 0 R
      - <001C> <9B25>
      - <0022> <9B2F>
      - <0023> <9B32>
  Font /F84: 84 0 R (/Type0, BaseFont /ADAAAA+BIZUDPGothic-Regular)
    Encoding: /Identity-H
    ToUnicode: 515 0 R
      - <004D> <9E75>
  Font /F85: 85 0 R (/Type0, BaseFont /BDAAAA+BIZUDPGothic-Regular)
    Encoding: /Identity-H
    ToUnicode: 519 0 R
      - <0004> <9ECD>
      - <0005> <9F20>
      - <0007> <9F0E>
      - <0015> <9EA5>
      - <0028> <9EF9>
      - <002B> <9EFD>
      - <0032> <9F4A>
      - <0033> <9F52>
      - <0041> <9F9C>
      - <0042> <9FA0>
      - <004C> <9EC3>
  Font /F86: 86 0 R (/Type3, CIDFont (0 - 218))
    Encoding: /Encoding-Differences
    ToUnicode: 535 0 R
      - <5D> <2F00>
      - <7B> <2F01>
      - <7F> <2EA6>
      - <87> <2F02>
      - <8D> <2F03>
      - <9F> <2F04>
      - <A0> <2E83>
      - <A1> <2E82>
      - <B1> <2EF2>
      - <B3> <2F05>
      - <B9> <2F06>
      - <C9> <2F07>
      - <D9> <2F08>
      - <DA> <2E85>
  Font /F87: 87 0 R (/Type3, CIDFont (0 - 254))
    Encoding: /Encoding-Differences
    ToUnicode: 544 0 R
      - <AA> <2F09>
      - <AB> <2E8E>
      - <C8> <2F0A>
      - <CE> <2F0B>
      - <DE> <2F0C>
      - <EF> <2F0D>
      - <FE> <2F0E>
  Font /F88: 88 0 R (/Type3, CIDFont (0 - 246))
    Encoding: /Encoding-Differences
    ToUnicode: 552 0 R
      - <28> <2F0F>
      - <38> <2F10>
      - <40> <2F11>
      - <42> <2E89>
      - <AA> <2F12>
      - <F6> <2F13>
  Font /F89: 89 0 R (/Type3, CIDFont (0 - 167))
    Encoding: /Encoding-Differences
    ToUnicode: 565 0 R
      - <0D> <2F14>
      - <12> <2F15>
      - <2A> <2F16>
      - <33> <2F17>
      - <48> <2F18>
      - <4D> <2EE7>
      - <51> <2F19>
      - <64> <2F1A>
      - <84> <2F1B>
      - <90> <2F1C>
      - <A7> <2F1D>
  Font /F9: 9 0 R (/Type0, BaseFont /FAAAAA+BIZUDPGothic-Regular)
    Encoding: /Identity-H
    ToUnicode: 195 0 R
      - <000C> <4E00>
      - <0014> <898B>
      - <0015> <884C>
      - <001C> <51FA>
      - <0021> <4EBA>
      - <0023> <751F>
      - <0026> <5927>
      - <002B> <5165>
      - <002F> <65B9>
      - <0032> <76EE>
      - <0034> <7528>
  Font /F90: 90 0 R (/Type3, CIDFont (0 - 166))
    Encoding: /Encoding-Differences
    ToUnicode: 569 0 R
      - <71> <2F1E>
      - <A6> <2F1F>
  Font /F91: 91 0 R (/Type3, CIDFont (0 - 232))
    Encoding: /Encoding-Differences
    ToUnicode: 576 0 R
      - <BE> <2F20>
      - <CD> <2F21>
      - <D1> <2F22>
      - <DA> <2F23>
      - <E8> <2F24>
  Font /F92: 92 0 R (/Type3, CIDFont (0 - 35))
    Encoding: /Encoding-Differences
    ToUnicode: 579 0 R
      - <23> <2F25>
  Font /F93: 93 0 R (/Type3, CIDFont (0 - 228))
    Encoding: /Encoding-Differences
    ToUnicode: 589 0 R
      - <06> <2F26>
      - <28> <2F27>
      - <8B> <2F28>
      - <9E> <2F29>
      - <AA> <2E90>
      - <AB> <2E8F>
      - <BA> <2F2B>
      - <E4> <2F2D>
  Font /F94: 94 0 R (/Type3, CIDFont (0 - 198))
    Encoding: /Encoding-Differences
    ToUnicode: 608 0 R
      - <02> <2FCF>
      - <10> <2FD0>
      - <1B> <2FD1>
      - <1F> <2EEC>
      - <20> <2FD2>
      - <41> <2EEE>
      - <42> <2FD3>
      - <4B> <2EF0>
      - <4C> <2FD4>
      - <4D> <2EF1>
      - <50> <2EF3>
      - <51> <2FD5>
      - <9C> <2F2C>
      - <A9> <2EA4>
      - <BD> <2EC0>
      - <BE> <2EBF>
      - <C6> <2ECC>
  Font /F95: 95 0 R (/Type3, CIDFont (0 - 252))
    Encoding: /Encoding-Differences
    ToUnicode: 616 0 R
      - <9F> <2F2E>
      - <A7> <2F2F>
      - <AE> <2F30>
      - <B0> <2E92>
      - <B8> <2F31>
      - <FC> <2F32>
  Font /F96: 96 0 R (/Type3, CIDFont (0 - 189))
    Encoding: /Encoding-Differences
    ToUnicode: 622 0 R
      - <89> <2F3D>
      - <AD> <2F3E>
      - <BC> <2F3F>
      - <BD> <2E98>
  Font /F97: 97 0 R (/Type3, CIDFont (0 - 249))
    Encoding: /Encoding-Differences
    ToUnicode: 635 0 R
      - <7F> <2F40>
      - <82> <2F41>
      - <83> <2E99>
      - <B7> <2F42>
      - <B9> <2EEB>
      - <C1> <2F43>
      - <CB> <2F44>
      - <DB> <2F45>
      - <F5> <2F46>
      - <F6> <2E9B>
      - <F9> <2F47>
  Font /F98: 98 0 R (/Type3, CIDFont (0 - 227))
    Encoding: /Encoding-Differences
    ToUnicode: 640 0 R
      - <B9> <2F48>
      - <CC> <2F49>
      - <E3> <2F4A>
  Font /F99: 99 0 R (/Type3, CIDFont (0 - 251))
    Encoding: /Encoding-Differences
    ToUnicode: 650 0 R
      - <83> <2F4B>
      - <AB> <2F4C>
      - <B6> <2EED>
      - <BE> <2F4D>
      - <BF> <2E9E>
      - <E5> <2F4E>
      - <F9> <2F4F>
      - <FB> <2E9F>
