Info: 1 0 R
Root: 47 0 R
RootCreationDate: u:D:20260610193552+00'00'
RootCreator: u:Mozilla/5.0 (Windows NT 10.0; Win64; x64) AppleWebKit/537.36 (KHTML, like Gecko) Chrome/149.0.0.0 Safari/537.36
RootModDate: u:D:20260610193552+00'00'
RootProducer: u:Skia/PDF m149
RootTitle: u:PDF文字抽出テストデータ
Root-Pages: 7 0 R
Root-StructTreeRoot: 8 0 R
Page 1 obj: 2 0 R
  Font /F4: 4 0 R (/Type0, BaseFont /AAAAAA+Meiryo)
    Encoding: /Identity-H
    ToUnicode: 51 0 R
      - <0003> <0020>
      - <000E> <002B>
      - <0015> <0032>
      - <001C> <0039>
      - <0024> <0041>
      - <0033> <0050>
      - <0038> <0055>
      - <0634> <30FC>
      - <0901> <3042>
      - <0903> <3044>
      - <0905> <3046>
      - <0907> <3048>
      - <090E> <304F>
      - <0910> <3051>
      - <0912> <3053>
      - <0914> <3055>
      - <0916> <3057>
      - <0918> <3059>
      - <091A> <305B>
      - <091C> <305D>
      - <091E> <305F>
      - <0920> <3061>
      - <0923> <3064>
      - <0931> <3072>
      - <0934> <3075>
      - <0937> <3078>
      - <093A> <307B>
      - <0943> <3084>
      - <0945> <3086>
      - <094E> <308F>
      - <0954> <30A2>
      - <0956> <30A4>
      - <0958> <30A6>
      - <095A> <30A8>
      - <095F> <30AD>
      - <0961> <30AF>
      - <0963> <30B1>
      - <0965> <30B3>
      - <0967> <30B5>
      - <0969> <30B7>
      - <096B> <30B9>
      - <096D> <30BB>
      - <096F> <30BD>
      - <0971> <30BF>
      - <0973> <30C1>
      - <0984> <30D2>
      - <0987> <30D5>
      - <0996> <30E4>
      - <0998> <30E6>
      - <09A1> <30EF>
      - <09A9> <2F47>
      - <09AA> <2F24>
      - <09AF> <2F08>
      - <09B2> <51FA>
      - <09B3> <2F00>
      - <09B6> <2ED1>
      - <09B7> <2F8F>
      - <09B8> <2FA6>
      - <09BD> <2F83>
      - <09BE> <2F49>
      - <09BF> <2F65>
      - <09C1> <2F3F>
      - <09C4> <2F92>
      - <09C7> <2F63>
      - <09C8> <2FBC>
      - <09CB> <2F0A>
      - <09CD> <2F45>
      - <09D5> <2F26>
      - <09D6> <90E8>
      - <09DB> <2F2D>
      - <09DC> <2EA0>
      - <09DF> <2F74>
      - <09E1> <2F12>
      - <09EA> <2F76>
      - <09EF> <2F6C>
      - <09F5> <2F29>
      - <09F7> <2F64>
      - <0A00> <8868>
      - <0A1B> <6210>
      - <0A27> <2EC4>
      - <0A37> <2F54>
      - <0A3D> <2F4A>
      - <0A49> <2F94>
      - <0A4D> <2F40>
      - <0A53> <2F25>
      - <0A63> <2FB8>
      - <0A64> <2F9E>
      - <0A71> <2F3C>
      - <0A75> <2F2F>
      - <0A78> <2F06>
      - <0A7D> <2F52>
      - <0A7F> <4F5C>
      - <0A82> <2F70>
      - <0A83> <6B21>
      - <0A8F> <2FAF>
      - <0A9B> <66F8>
      - <0AA0> <2F1D>
      - <0AA6> <2F95>
      - <0AA7> <2F42>
      - <0AB2> <2F6F>
      - <0AC3> <2F4C>
      - <0AC7> <2F17>
      - <0AD2> <2F20>
      - <0AFA> <2F3E>
      - <0AFB> <2F50>
      - <0B05> <2F1F>
      - <0B0C> <2F9C>
      - <0B13> <88DC>
      - <0B2E> <2F9D>
      - <0B45> <2FA8>
      - <0B53> <2FB0>
      - <0B6B> <2FB7>
      - <0B83> <52A9>
      - <0B8A> <5B57>
      - <0B92> <2ED8>
      - <0B9C> <2F69>
      - <0B9D> <2FBA>
      - <0BA7> <2F9A>
      - <0BB4> <2F0B>
      - <0BD2> <2F9B>
      - <0BE3> <2F5F>
      - <0BEF> <2FB5>
      - <0C04> <2FB6>
      - <0C20> <2FB3>
      - <0C36> <2FAE>
      - <0C39> <2FCA>
      - <0C4C> <2F55>
      - <0C54> <2FA5>
      - <0C66> <2F8A>
      - <0C98> <2FB9>
      - <0C9F> <2E9F>
      - <0CA7> <2FC5>
      - <0CAD> <2F7B>
      - <0CB3> <2F4B>
      - <0CD4> <2F75>
      - <0CE8> <5EB7>
      - <0CED> <2FC3>
      - <0CEF> <2F57>
      - <0D13> <2F93>
      - <0D1E> <2F30>
      - <0D20> <2F7C>
      - <0D37> <2F8E>
      - <0D70> <2F6E>
      - <0D7A> <2F5A>
      - <0D81> <2FD3>
      - <0D82> <2FAC>
      - <0DB9> <2F84>
      - <0DCC> <2F23>
      - <0DD7> <2FBB>
      - <0DE6> <2F82>
      - <0DFF> <2F81>
      - <0E19> <2EF2>
      - <0E1C> <2EEB>
      - <0E1F> <2F5C>
      - <0E2B> <2F51>
      - <0E32> <2F73>
      - <0E4A> <2FC7>
      - <0E5A> <4F3C>
      - <0E5D> <2F32>
      - <0E72> <2F90>
      - <0E7F> <2F62>
      - <0E82> <2FC2>
      - <0E8E> <8F03>
      - <0E93> <2EED>
      - <0E9B> <2F7F>
      - <0E9C> <2F6A>
      - <0EC3> <2F77>
      - <0EC4> <2EEF>
      - <0EC9> <2EE9>
      - <0EE2> <2F6B>
      - <0EE3> <2FA9>
      - <0EF3> <2F5D>
      - <0EFC> <2F96>
      - <0F0F> <2F99>
      - <0F10> <2F88>
      - <0F23> <2F04>
      - <0F48> <2F5E>
      - <0F51> <2F8D>
      - <0F85> <2FA0>
      - <0FAD> <2EE4>
      - <0FB3> <2F11>
      - <0FB4> <62BD>
      - <0FBC> <2F1C>
      - <0FC0> <2FD0>
      - <0FC1> <2F78>
      - <0FE1> <2F28>
      - <1001> <6F22>
      - <1023> <2F38>
      - <1024> <2F6D>
      - <103A> <2EE8>
      - <1057> <2F7A>
      - <105E> <2F9F>
      - <1078> <2E92>
      - <108A> <2EC1>
      - <10A6> <2F43>
      - <10AE> <2F31>
      - <10BB> <2F85>
      - <10E4> <2FCE>
      - <10F1> <2F86>
      - <110A> <2FA2>
      - <111E> <2F87>
      - <1120> <2F61>
      - <1142> <2F56>
      - <115A> <2FB4>
      - <1177> <2F60>
      - <12A8> <2FCD>
      - <12CD> <2F18>
      - <1337> <2FCF>
      - <1350> <2F66>
      - <13B5> <2F7D>
      - <140C> <2FA3>
      - <147B> <2F72>
      - <14A0> <2F89>
      - <14C5> <2FA4>
      - <14ED> <2FC9>
      - <14EE> <2F44>
      - <1543> <2F02>
      - <1545> <2F03>
      - <154A> <2F05>
      - <1552> <2F07>
      - <15B4> <2F09>
      - <15B5> <2E8E>
      - <15BF> <2F0C>
      - <15C7> <2F0D>
      - <15CD> <2F0E>
      - <15D7> <2F0F>
      - <15DC> <2F10>
      - <160A> <2F13>
      - <1617> <2F16>
      - <1620> <2F19>
      - <1625> <2F1A>
      - <162C> <2F1B>
      - <16AF> <2F1E>
      - <1752> <2F27>
      - <176A> <2E90>
      - <176C> <2F2B>
      - <1776> <2F2C>
      - <17B0> <2F2E>
      - <17C7> <2E93>
      - <17C9> <2F34>
      - <17DD> <2F35>
      - <17DF> <2F36>
      - <17E4> <2F37>
      - <17EF> <2E94>
      - <17F3> <2F3A>
      - <17F5> <2F3B>
      - <1886> <2F3D>
      - <1906> <2F41>
      - <1907> <2E99>
      - <1924> <2F46>
      - <1925> <2E9B>
      - <1950> <2F48>
      - <1A29> <2F4D>
      - <1A38> <2F4E>
      - <1A3C> <2F4F>
      - <1A46> <2F53>
      - <1B05> <7155>
      - <1B28> <2F58>
      - <1B2A> <2F59>
      - <1BDB> <2F68>
      - <1D57> <2F79>
      - <1D81> <2F7E>
      - <1D97> <2F80>
      - <1DF6> <2F8B>
      - <1E93> <2F8C>
      - <1F2F> <2F91>
      - <1F9A> <2F97>
      - <1F9D> <2F98>
      - <210D> <2FAA>
      - <210F> <2FAB>
      - <2147> <2FB1>
      - <2149> <2FB2>
      - <21B0> <2FBD>
      - <21C1> <2FBE>
      - <223A> <2FC4>
      - <2245> <2FC6>
      - <225A> <2FCB>
      - <225D> <2FCC>
      - <2461> <2F5B>
      - <25F7> <2F01>
      - <273B> <2FAD>
      - <378B> <2FC8>
      - <38CD> <2ED7>
      - <38CE> <2EBD>
      - <38F2> <2EC6>
      - <3921> <2EA9>
      - <3933> <2EBC>
      - <3997> <2EDD>
      - <3998> <2EDF>
      - <3999> <2EDE>
      - <399C> <2E97>
      - <39A0> <2E85>
      - <39AE> <2EC3>
      - <39CA> <2ECA>
      - <39E2> <2EAE>
      - <3A2B> <2EAA>
      - <3A7E> <2EB7>
      - <3A93> <2EB9>
      - <3A99> <2E87>
      - <3A9E> <2E8B>
      - <3ACD> <2EA6>
      - <3AED> <2EB3>
      - <3B61> <2E83>
      - <3B94> <2E89>
      - <3C0C> <2E8F>
      - <3C39> <2F39>
      - <3C42> <2E96>
      - <3C61> <2E98>
      - <3D1D> <2EA3>
      - <3D3C> <2EA8>
      - <3D80> <2F67>
      - <3DB9> <2EAD>
      - <3DC1> <2F71>
      - <3E17> <2EAB>
      - <3E18> <2EB1>
      - <3E8A> <2EC2>
      - <3ECF> <2FA1>
      - <3ED0> <2ECD>
      - <3F17> <2ED2>
      - <3F1E> <2ECF>
      - <3F9F> <2E95>
      - <3FA6> <2EA4>
      - <3FAB> <2ECC>
      - <4751> <2E9E>
      - <4C26> <2EAC>
      - <616D> <2E84>
      - <616E> <2E86>
      - <616F> <2E88>
      - <6170> <2E8A>
      - <6171> <2E91>
      - <6174> <2EA5>
      - <6175> <2EA7>
      - <617B> <2EB8>
      - <617E> <2EC5>
      - <6182> <2ECB>
      - <6183> <2ECE>
      - <6184> <2ED0>
      - <6193> <2EEA>
      - <6194> <2EEC>
      - <6195> <2EEE>
      - <6198> <2EF3>
      - <0026> <0029> <0043>
      - <002D> <002E> <004A>
      - <061A> <061B> <3001>
      - <0909> <090C> <304A>
      - <0925> <0927> <3066>
      - <0929> <092E> <306A>
      - <093D> <0941> <307E>
      - <0947> <094C> <3088>
      - <0951> <0952> <3092>
      - <095C> <095D> <30AA>
      - <0975> <0976> <30C3>
      - <0978> <097A> <30C6>
      - <097C> <0981> <30CA>
      - <0989> <098A> <30D7>
      - <098D> <098E> <30DB>
      - <0990> <0994> <30DE>
      - <099A> <099F> <30E8>
      - <09A4> <09A5> <30F2>
      - <1611> <1612> <2F14>
      - <16FE> <16FF> <2F21>
      - <21C7> <21C8> <2FBF>
      - <2265> <2266> <2FD1>
      - <2274> <2275> <2FD4>
      - <3989> <398A> <2E8C>
      - <3AF5> <3AF7> <2EBE>
      - <3CE1> <3CE2> <2EA1>
      - <616A> <616C> <2E80>
      - <6172> <6173> <2E9C>
      - <6176> <6177> <2EAF>
      - <6178> <617A> <2EB4>
      - <617C> <617D> <2EBA>
      - <617F> <6181> <2EC7>
      - <6185> <6187> <2ED3>
      - <6188> <618B> <2ED9>
      - <618C> <618F> <2EE0>
      - <6190> <6192> <2EE5>
      - <6196> <6197> <2EF0>
