Info: 1 0 R
Root: 47 0 R
RootCreationDate: u:D:20260610193641+00'00'
RootCreator: u:Mozilla/5.0 (Windows NT 10.0; Win64; x64) AppleWebKit/537.36 (KHTML, like Gecko) Chrome/149.0.0.0 Safari/537.36
RootModDate: u:D:20260610193641+00'00'
RootProducer: u:Skia/PDF m149
RootTitle: u:PDF文字抽出テストデータ
Root-Pages: 7 0 R
Root-StructTreeRoot: 8 0 R
Page 1 obj: 2 0 R
  Font /F4: 4 0 R (/Type0, BaseFont /AAAAAA+YuGothic-Regular)
    Encoding: /Identity-H
    ToUnicode: 51 0 R
      - <0003> <0020>
      - <000E> <002B>
      - <0015> <0032>
      - <001C> <0039>
      - <0024> <0041>
      - <0033> <0050>
      - <0038> <0055>
      - <0296> <30FC>
      - <034D> <3042>
      - <034F> <3044>
      - <0351> <3046>
      - <0353> <3048>
      - <035A> <304F>
      - <035C> <3051>
      - <035E> <3053>
      - <0360> <3055>
      - <0362> <3057>
      - <0364> <3059>
      - <0366> <305B>
      - <0368> <305D>
      - <036A> <305F>
      - <036C> <3061>
      - <036F> <3064>
      - <037D> <3072>
      - <0380> <3075>
      - <0383> <3078>
      - <0386> <307B>
      - <038F> <3084>
      - <0391> <3086>
      - <039A> <308F>
      - <03A0> <30A2>
      - <03A2> <30A4>
      - <03A4> <30A6>
      - <03A6> <30A8>
      - <03AB> <30AD>
      - <03AD> <30AF>
      - <03AF> <30B1>
      - <03B1> <30B3>
      - <03B3> <30B5>
      - <03B5> <30B7>
      - <03B7> <30B9>
      - <03B9> <30BB>
      - <03BB> <30BD>
      - <03BD> <30BF>
      - <03BF> <30C1>
      - <03D0> <30D2>
      - <03D3> <30D5>
      - <03E2> <30E4>
      - <03E4> <30E6>
      - <03ED> <30EF>
      - <04A7> <2F90>
      - <04B2> <2F00>
      - <04CD> <2F7B>
      - <04CF> <2FAC>
      - <04D5> <2F85>
      - <04DF> <2F60>
      - <052D> <2EE9>
      - <0537> <2F04>
      - <053D> <2FB3>
      - <0552> <2F55>
      - <0555> <2F72>
      - <058D> <2F99>
      - <05B1> <2F93>
      - <05B3> <8F03>
      - <05B7> <2FB0>
      - <05E2> <2F61>
      - <05F1> <2F32>
      - <05FF> <6F22>
      - <0603> <2F62>
      - <060A> <2F78>
      - <0650> <2EE4>
      - <0651> <2EF2>
      - <066C> <2FC9>
      - <0679> <2F38>
      - <0689> <2F5C>
      - <0697> <2FC2>
      - <06C6> <2F5F>
      - <06CC> <2F31>
      - <06CE> <2F44>
      - <06DC> <2FA6>
      - <073F> <2F4B>
      - <0742> <2F73>
      - <0744> <2F8E>
      - <0746> <2F49>
      - <075A> <2F5D>
      - <0761> <2F92>
      - <0772> <2F5E>
      - <0776> <2F94>
      - <0780> <2F30>
      - <0783> <2F3E>
      - <078D> <2EC1>
      - <0793> <2FCE>
      - <07B3> <2F1D>
      - <07BD> <2F2F>
      - <07C3> <5EB7>
      - <07E8> <2F8F>
      - <07F5> <2FB9>
      - <07F6> <2FBC>
      - <0809> <2FCA>
      - <0810> <2FBB>
      - <0823> <2F89>
      - <0860> <4F5C>
      - <087E> <2F6B>
      - <0883> <2F2D>
      - <089E> <2F20>
      - <08A2> <2F26>
      - <08A9> <2F40>
      - <08AF> <2F4C>
      - <08B1> <2F52>
      - <08B5> <2F77>
      - <08BA> <2F84>
      - <08C5> <2EED>
      - <08C7> <4F3C>
      - <08CA> <5B57>
      - <08CF> <6B21>
      - <08D6> <2F70>
      - <08D7> <2F7D>
      - <08D8> <2F7F>
      - <08D9> <2F83>
      - <08DD> <2FC5>
      - <0904> <2F9E>
      - <0918> <2F3F>
      - <0921> <2FB8>
      - <093A> <2F88>
      - <0949> <2F17>
      - <095C> <51FA>
      - <097D> <66F8>
      - <0981> <52A9>
      - <0983> <2F25>
      - <0998> <2F29>
      - <09EF> <2F8A>
      - <09F1> <2FB7>
      - <09FC> <2F3C>
      - <0A0B> <2F82>
      - <0A10> <2F9D>
      - <0A11> <2F9F>
      - <0A15> <2F08>
      - <0A2D> <2F54>
      - <0A49> <2F28>
      - <0A54> <6210>
      - <0A5E> <2F63>
      - <0A64> <2EC4>
      - <0A6A> <2ED8>
      - <0A6C> <2EEB>
      - <0A76> <2F6F>
      - <0A7C> <2F9A>
      - <0A8B> <2F86>
      - <0AA8> <2F87>
      - <0AD1> <2FCF>
      - <0AFA> <2F9B>
      - <0B0F> <2F9C>
      - <0B49> <2F24>
      - <0B64> <2FA0>
      - <0B6B> <2F95>
      - <0B9D> <2F75>
      - <0BAA> <62BD>
      - <0BAE> <2F8D>
      - <0BD7> <2ED1>
      - <0BD9> <2FC3>
      - <0BFC> <2F56>
      - <0C20> <2FCD>
      - <0C40> <2F65>
      - <0C49> <2F43>
      - <0C56> <2F1F>
      - <0C5D> <2F11>
      - <0C80> <2F96>
      - <0CAD> <2FA3>
      - <0CCD> <2F06>
      - <0CD3> <2F81>
      - <0CD6> <2F47>
      - <0CD8> <2F0A>
      - <0D07> <2FBA>
      - <0D2A> <2F69>
      - <0D36> <2EE8>
      - <0D42> <2F0B>
      - <0D66> <2FA4>
      - <0D7C> <2F50>
      - <0D7F> <2F6A>
      - <0D89> <2FAE>
      - <0D8A> <2FB6>
      - <0D95> <2FD0>
      - <0D99> <2F66>
      - <0DB1> <8868>
      - <0DD7> <2F57>
      - <0DE0> <2FA9>
      - <0DE8> <90E8>
      - <0DEB> <2FB5>
      - <0E0A> <2F42>
      - <0E18> <2F76>
      - <0E19> <2FB4>
      - <0E24> <2F5A>
      - <0E36> <88DC>
      - <0E3E> <2E9F>
      - <0E4F> <2F45>
      - <0E7E> <2F18>
      - <0E93> <2FC7>
      - <0EA4> <2F1C>
      - <0EB4> <2E92>
      - <0EBF> <2EA0>
      - <0EC5> <2F6D>
      - <0EDA> <2FAF>
      - <0EE1> <2F51>
      - <0EE8> <2F4A>
      - <0EEA> <2F6C>
      - <0EF5> <2FA8>
      - <0EFE> <2F6E>
      - <0F24> <2FA2>
      - <0F28> <2F23>
      - <0F3D> <2F64>
      - <0F3F> <2F7A>
      - <0F6E> <2FA5>
      - <0F73> <2F74>
      - <0F7F> <2EEF>
      - <0F80> <2FD3>
      - <0F99> <2F12>
      - <0FDF> <2F7C>
      - <1001> <2F02>
      - <1003> <2F03>
      - <1008> <2F05>
      - <1010> <2F07>
      - <1072> <2F09>
      - <1073> <2E8E>
      - <107D> <2F0C>
      - <1085> <2F0D>
      - <108B> <2F0E>
      - <1095> <2F0F>
      - <109A> <2F10>
      - <10C8> <2F13>
      - <10D5> <2F16>
      - <10DE> <2F19>
      - <10E3> <2F1A>
      - <10EA> <2F1B>
      - <116D> <2F1E>
      - <1210> <2F27>
      - <1228> <2E90>
      - <122A> <2F2B>
      - <1234> <2F2C>
      - <126E> <2F2E>
      - <1285> <2E93>
      - <1287> <2F34>
      - <129B> <2F35>
      - <129D> <2F36>
      - <12A2> <2F37>
      - <12AD> <2E94>
      - <12B1> <2F3A>
      - <12B3> <2F3B>
      - <1344> <2F3D>
      - <13C4> <2F41>
      - <13C5> <2E99>
      - <13E2> <2F46>
      - <13E3> <2E9B>
      - <140E> <2F48>
      - <14E7> <2F4D>
      - <14F6> <2F4E>
      - <14FA> <2F4F>
      - <1504> <2F53>
      - <15C3> <7155>
      - <15E6> <2F58>
      - <15E8> <2F59>
      - <1699> <2F68>
      - <1815> <2F79>
      - <183F> <2F7E>
      - <1855> <2F80>
      - <18B4> <2F8B>
      - <1951> <2F8C>
      - <19ED> <2F91>
      - <1A58> <2F97>
      - <1A5B> <2F98>
      - <1BCB> <2FAA>
      - <1BCD> <2FAB>
      - <1C05> <2FB1>
      - <1C07> <2FB2>
      - <1C6E> <2FBD>
      - <1C7F> <2FBE>
      - <1CF8> <2FC4>
      - <1D03> <2FC6>
      - <1D18> <2FCB>
      - <1D1B> <2FCC>
      - <1F1F> <2F5B>
      - <20B5> <2F01>
      - <21F9> <2FAD>
      - <340D> <2FC8>
      - <354F> <2ED7>
      - <3550> <2EBD>
      - <3574> <2EC6>
      - <35A3> <2EA9>
      - <35B5> <2EBC>
      - <3619> <2EDD>
      - <361A> <2EDF>
      - <361B> <2EDE>
      - <361E> <2E97>
      - <3622> <2E85>
      - <3630> <2EC3>
      - <364C> <2ECA>
      - <3664> <2EAE>
      - <36AD> <2EAA>
      - <3700> <2EB7>
      - <3715> <2EB9>
      - <371B> <2E87>
      - <3720> <2E8B>
      - <374F> <2EA6>
      - <376F> <2EB3>
      - <37E3> <2E83>
      - <3816> <2E89>
      - <388E> <2E8F>
      - <38BB> <2F39>
      - <38C4> <2E96>
      - <38E3> <2E98>
      - <399F> <2EA3>
      - <39BE> <2EA8>
      - <3A02> <2F67>
      - <3A3B> <2EAD>
      - <3A43> <2F71>
      - <3A99> <2EAB>
      - <3A9A> <2EB1>
      - <3B0C> <2EC2>
      - <3B51> <2FA1>
      - <3B52> <2ECD>
      - <3B99> <2ED2>
      - <3BA0> <2ECF>
      - <3C21> <2E95>
      - <3C28> <2EA4>
      - <3C2D> <2ECC>
      - <45E7> <2E9E>
      - <4ABC> <2EAC>
      - <5D24> <2E84>
      - <5D25> <2E86>
      - <5D26> <2E88>
      - <5D27> <2E8A>
      - <5D28> <2E91>
      - <5D2B> <2EA5>
      - <5D2C> <2EA7>
      - <5D32> <2EB8>
      - <5D35> <2EC5>
      - <5D39> <2ECB>
      - <5D3A> <2ECE>
      - <5D3B> <2ED0>
      - <5D4A> <2EEA>
      - <5D4B> <2EEC>
      - <5D4C> <2EEE>
      - <5D4F> <2EF3>
      - <0026> <0029> <0043>
      - <002D> <002E> <004A>
      - <027C> <027D> <3001>
      - <0355> <0358> <304A>
      - <0371> <0373> <3066>
      - <0375> <037A> <306A>
      - <0389> <038D> <307E>
      - <0393> <0398> <3088>
      - <039D> <039E> <3092>
      - <03A8> <03A9> <30AA>
      - <03C1> <03C2> <30C3>
      - <03C4> <03C6> <30C6>
      - <03C8> <03CD> <30CA>
      - <03D5> <03D6> <30D7>
      - <03D9> <03DA> <30DB>
      - <03DC> <03E0> <30DE>
      - <03E6> <03EB> <30E8>
      - <03F0> <03F1> <30F2>
      - <10CF> <10D0> <2F14>
      - <11BC> <11BD> <2F21>
      - <1C85> <1C86> <2FBF>
      - <1D23> <1D24> <2FD1>
      - <1D32> <1D33> <2FD4>
      - <360B> <360C> <2E8C>
      - <3777> <3779> <2EBE>
      - <3963> <3964> <2EA1>
      - <5D21> <5D23> <2E80>
      - <5D29> <5D2A> <2E9C>
      - <5D2D> <5D2E> <2EAF>
      - <5D2F> <5D31> <2EB4>
      - <5D33> <5D34> <2EBA>
      - <5D36> <5D38> <2EC7>
      - <5D3C> <5D3E> <2ED3>
      - <5D3F> <5D42> <2ED9>
      - <5D43> <5D46> <2EE0>
      - <5D47> <5D49> <2EE5>
      - <5D4D> <5D4E> <2EF0>
