Info: 1 0 R
Root: 126 0 R
RootCreationDate: u:D:20260610183550+00'00'
RootCreator: u:Mozilla/5.0 (Windows NT 10.0; Win64; x64) AppleWebKit/537.36 (KHTML, like Gecko) Chrome/149.0.0.0 Safari/537.36
RootModDate: u:D:20260610183550+00'00'
RootProducer: u:Skia/PDF m149
RootTitle: u:PDF文字抽出テストデータ
Root-Pages: 86 0 R
Root-StructTreeRoot: 87 0 R
Page 1 obj: 2 0 R
  Font /F10: 10 0 R (/Type0, BaseFont /GAAAAA+BIZUDPGothic-Regular)
    Encoding: /Identity-H
    ToUnicode: 154 0 R
      - <001B> <5C71>
      - <001E> <6B21>
      - <0020> <5973>
      - <0021> <98DF>
      - <0023> <5FC3>
      - <002A> <7530>
      - <0030> <9762>
      - <0031> <6728>
      - <0035> <7ACB>
  Font /F11: 11 0 R (/Type0, BaseFont /HAAAAA+BIZUDPGothic-Regular)
    Encoding: /Identity-H
    ToUnicode: 158 0 R
      - <0014> <5EB7>
  Font /F12: 12 0 R (/Type0, BaseFont /IAAAAA+BIZUDPGothic-Regular)
    Encoding: /Identity-H
    ToUnicode: 162 0 R
      - <0049> <7155>
  Font /F13: 13 0 R (/Type0, BaseFont /JAAAAA+BIZUDPGothic-Regular)
    Encoding: /Identity-H
    ToUnicode: 166 0 R
      - <001C> <9996>
      - <001F> <8D70>
      - <002A> <516B>
      - <0030> <6BDB>
      - <0033> <91CC>
  Font /F14: 14 0 R (/Type0, BaseFont /KAAAAA+BIZUDPGothic-Regular)
    Encoding: /Identity-H
    ToUnicode: 170 0 R
      - <0005> <3080>
      - <0017> <793A>
      - <001B> <66F8>
      - <001D> <6C34>
      - <001F> <6210>
      - <0025> <9577>
      - <0033> <529B>
  Font /F15: 15 0 R (/Type0, BaseFont /LAAAAA+BIZUDPGothic-Regular)
    Encoding: /Identity-H
    ToUnicode: 174 0 R
      - <0013> <9ED2>
      - <0019> <58EB>
      - <002A> <8C37>
      - <0031> <6BD4>
  Font /F16: 16 0 R (/Type0, BaseFont /MAAAAA+BIZUDPGothic-Regular)
    Encoding: /Identity-H
    ToUnicode: 178 0 R
      - <000C> <89D2>
      - <000D> <8F03>
      - <001A> <4F3C>
      - <001B> <9E7F>
      - <002E> <9EBB>
      - <0034> <8001>
  Font /F17: 17 0 R (/Type0, BaseFont /NAAAAA+BIZUDPGothic-Regular)
    Encoding: /Identity-H
    ToUnicode: 182 0 R
      - <001A> <5DE5>
      - <001D> <652F>
      - <0022> <897F>
      - <002C> <4E8C>
      - <002E> <98A8>
  Font /F19: 19 0 R (/Type0, BaseFont /OAAAAA+YuGothic-Regular)
    Encoding: /Identity-H
    ToUnicode: 186 0 R
      - <04A7> <2F90>
      - <04B2> <2F00>
      - <04CD> <2F7B>
      - <04CF> <2FAC>
      - <04D5> <2F85>
      - <04DF> <2F60>
      - <052D> <2EE9>
      - <0537> <2F04>
      - <053D> <2FB3>
      - <0552> <2F55>
      - <0555> <2F72>
      - <058D> <2F99>
      - <05B1> <2F93>
      - <05B7> <2FB0>
      - <05E2> <2F61>
      - <05F1> <2F32>
      - <0603> <2F62>
      - <060A> <2F78>
      - <0650> <2EE4>
      - <0651> <2EF2>
      - <066C> <2FC9>
      - <0679> <2F38>
      - <0689> <2F5C>
      - <0697> <2FC2>
      - <06C6> <2F5F>
      - <06CC> <2F31>
      - <06CE> <2F44>
      - <06DC> <2FA6>
      - <073F> <2F4B>
      - <0742> <2F73>
      - <0744> <2F8E>
      - <0746> <2F49>
      - <075A> <2F5D>
      - <0761> <2F92>
      - <0772> <2F5E>
      - <0776> <2F94>
      - <0780> <2F30>
      - <0783> <2F3E>
      - <078D> <2EC1>
      - <0793> <2FCE>
      - <07B3> <2F1D>
      - <07BD> <2F2F>
      - <07E8> <2F8F>
      - <07F5> <2FB9>
      - <07F6> <2FBC>
      - <0809> <2FCA>
      - <0810> <2FBB>
      - <0823> <2F89>
      - <087E> <2F6B>
      - <0883> <2F2D>
      - <089E> <2F20>
      - <08A2> <2F26>
      - <08A9> <2F40>
      - <08AF> <2F4C>
      - <08B1> <2F52>
      - <08B5> <2F77>
      - <08BA> <2F84>
      - <08C5> <2EED>
      - <08D6> <2F70>
      - <08D7> <2F7D>
      - <08D8> <2F7F>
      - <08D9> <2F83>
      - <08DD> <2FC5>
      - <0904> <2F9E>
      - <0918> <2F3F>
      - <0921> <2FB8>
      - <093A> <2F88>
      - <0949> <2F17>
      - <0983> <2F25>
      - <0998> <2F29>
      - <09EF> <2F8A>
      - <09F1> <2FB7>
      - <09FC> <2F3C>
      - <0A0B> <2F82>
      - <0A10> <2F9D>
      - <0A11> <2F9F>
      - <0A15> <2F08>
      - <0A2D> <2F54>
      - <0A49> <2F28>
      - <0A5E> <2F63>
      - <0A64> <2EC4>
      - <0A6A> <2ED8>
      - <0A6C> <2EEB>
      - <0A76> <2F6F>
      - <0A7C> <2F9A>
      - <0A8B> <2F86>
      - <0AA8> <2F87>
      - <0AD1> <2FCF>
      - <0AFA> <2F9B>
      - <0B0F> <2F9C>
      - <0B49> <2F24>
      - <0B64> <2FA0>
      - <0B6B> <2F95>
      - <0B9D> <2F75>
      - <0BAE> <2F8D>
      - <0BD7> <2ED1>
      - <0BD9> <2FC3>
      - <0BFC> <2F56>
      - <0C20> <2FCD>
      - <0C40> <2F65>
      - <0C49> <2F43>
      - <0C56> <2F1F>
      - <0C5D> <2F11>
      - <0C80> <2F96>
      - <0CAD> <2FA3>
      - <0CCD> <2F06>
      - <0CD3> <2F81>
      - <0CD6> <2F47>
      - <0CD8> <2F0A>
      - <0D07> <2FBA>
      - <0D2A> <2F69>
      - <0D36> <2EE8>
      - <0D42> <2F0B>
      - <0D66> <2FA4>
      - <0D7C> <2F50>
      - <0D7F> <2F6A>
      - <0D89> <2FAE>
      - <0D8A> <2FB6>
      - <0D95> <2FD0>
      - <0D99> <2F66>
      - <0DD7> <2F57>
      - <0DE0> <2FA9>
      - <0DEB> <2FB5>
      - <0E0A> <2F42>
      - <0E18> <2F76>
      - <0E19> <2FB4>
      - <0E24> <2F5A>
      - <0E3E> <2E9F>
      - <0E4F> <2F45>
      - <0E7E> <2F18>
      - <0E93> <2FC7>
      - <0EA4> <2F1C>
      - <0EB4> <2E92>
      - <0EBF> <2EA0>
      - <0EC5> <2F6D>
      - <0EDA> <2FAF>
      - <0EE1> <2F51>
      - <0EE8> <2F4A>
      - <0EEA> <2F6C>
      - <0EF5> <2FA8>
      - <0EFE> <2F6E>
      - <0F24> <2FA2>
      - <0F28> <2F23>
      - <0F3D> <2F64>
      - <0F3F> <2F7A>
      - <0F6E> <2FA5>
      - <0F73> <2F74>
      - <0F7F> <2EEF>
      - <0F80> <2FD3>
      - <0F99> <2F12>
      - <0FDF> <2F7C>
      - <1001> <2F02>
      - <1003> <2F03>
      - <1008> <2F05>
      - <1010> <2F07>
      - <1072> <2F09>
      - <1073> <2E8E>
      - <107D> <2F0C>
      - <1085> <2F0D>
      - <108B> <2F0E>
      - <1095> <2F0F>
      - <109A> <2F10>
      - <10C8> <2F13>
      - <10D5> <2F16>
      - <10DE> <2F19>
      - <10E3> <2F1A>
      - <10EA> <2F1B>
      - <116D> <2F1E>
      - <1210> <2F27>
      - <1228> <2E90>
      - <122A> <2F2B>
      - <1234> <2F2C>
      - <126E> <2F2E>
      - <1285> <2E93>
      - <1287> <2F34>
      - <129B> <2F35>
      - <129D> <2F36>
      - <12A2> <2F37>
      - <12AD> <2E94>
      - <12B1> <2F3A>
      - <12B3> <2F3B>
      - <1344> <2F3D>
      - <13C4> <2F41>
      - <13C5> <2E99>
      - <13E2> <2F46>
      - <13E3> <2E9B>
      - <140E> <2F48>
      - <14E7> <2F4D>
      - <14F6> <2F4E>
      - <14FA> <2F4F>
      - <1504> <2F53>
      - <15E6> <2F58>
      - <15E8> <2F59>
      - <1699> <2F68>
      - <1815> <2F79>
      - <183F> <2F7E>
      - <1855> <2F80>
      - <18B4> <2F8B>
      - <1951> <2F8C>
      - <19ED> <2F91>
      - <1A58> <2F97>
      - <1A5B> <2F98>
      - <1BCB> <2FAA>
      - <1BCD> <2FAB>
      - <1C05> <2FB1>
      - <1C07> <2FB2>
      - <1C6E> <2FBD>
      - <1C7F> <2FBE>
      - <1CF8> <2FC4>
      - <1D03> <2FC6>
      - <1D18> <2FCB>
      - <1D1B> <2FCC>
      - <1F1F> <2F5B>
      - <20B5> <2F01>
      - <21F9> <2FAD>
      - <340D> <2FC8>
      - <354F> <2ED7>
      - <3550> <2EBD>
      - <3574> <2EC6>
      - <35A3> <2EA9>
      - <35B5> <2EBC>
      - <3619> <2EDD>
      - <361A> <2EDF>
      - <361B> <2EDE>
      - <361E> <2E97>
      - <3622> <2E85>
      - <3630> <2EC3>
      - <364C> <2ECA>
      - <3664> <2EAE>
      - <36AD> <2EAA>
      - <3700> <2EB7>
      - <3715> <2EB9>
      - <371B> <2E87>
      - <3720> <2E8B>
      - <374F> <2EA6>
      - <376F> <2EB3>
      - <37E3> <2E83>
      - <3816> <2E89>
      - <388E> <2E8F>
      - <38BB> <2F39>
      - <38C4> <2E96>
      - <38E3> <2E98>
      - <399F> <2EA3>
      - <39BE> <2EA8>
      - <3A02> <2F67>
      - <3A3B> <2EAD>
      - <3A43> <2F71>
      - <3A99> <2EAB>
      - <3A9A> <2EB1>
      - <3B0C> <2EC2>
      - <3B51> <2FA1>
      - <3B52> <2ECD>
      - <3B99> <2ED2>
      - <3BA0> <2ECF>
      - <3C21> <2E95>
      - <3C28> <2EA4>
      - <3C2D> <2ECC>
      - <45E7> <2E9E>
      - <4ABC> <2EAC>
      - <5D24> <2E84>
      - <5D25> <2E86>
      - <5D26> <2E88>
      - <5D27> <2E8A>
      - <5D28> <2E91>
      - <5D2B> <2EA5>
      - <5D2C> <2EA7>
      - <5D32> <2EB8>
      - <5D35> <2EC5>
      - <5D39> <2ECB>
      - <5D3A> <2ECE>
      - <5D3B> <2ED0>
      - <5D4A> <2EEA>
      - <5D4B> <2EEC>
      - <5D4C> <2EEE>
      - <5D4F> <2EF3>
      - <10CF> <10D0> <2F14>
      - <11BC> <11BD> <2F21>
      - <1C85> <1C86> <2FBF>
      - <1D23> <1D24> <2FD1>
      - <1D32> <1D33> <2FD4>
      - <360B> <360C> <2E8C>
      - <3777> <3779> <2EBE>
      - <3963> <3964> <2EA1>
      - <5D21> <5D23> <2E80>
      - <5D29> <5D2A> <2E9C>
      - <5D2D> <5D2E> <2EAF>
      - <5D2F> <5D31> <2EB4>
      - <5D33> <5D34> <2EBA>
      - <5D36> <5D38> <2EC7>
      - <5D3C> <5D3E> <2ED3>
      - <5D3F> <5D42> <2ED9>
      - <5D43> <5D46> <2EE0>
      - <5D47> <5D49> <2EE5>
      - <5D4D> <5D4E> <2EF0>
  Font /F20: 20 0 R (/Type0, BaseFont /PAAAAA+BIZUDPGothic-Regular)
    Encoding: /Identity-H
    ToUnicode: 190 0 R
      - <000E> <6F22>
      - <0012> <7384>
      - <001B> <5BF8>
      - <002A> <9F3B>
      - <0033> <7ADC>
  Font /F21: 21 0 R (/Type0, BaseFont /QAAAAA+BIZUDPGothic-Regular)
    Encoding: /Identity-H
    ToUnicode: 194 0 R
      - <0005> <4E28>
      - <0023> <4E36>
      - <0024> <4E3F>
      - <0029> <4E85>
      - <002E> <4EA0>
  Font /F22: 22 0 R (/Type0, BaseFont /RAAAAA+BIZUDPGothic-Regular)
    Encoding: /Identity-H
    ToUnicode: 198 0 R
      - <0006> <4E59>
  Font /F23: 23 0 R (/Type0, BaseFont /SAAAAA+BIZUDPGothic-Regular)
    Encoding: /Identity-H
    ToUnicode: 202 0 R
      - <0037> <513F>
      - <0041> <5182>
      - <0048> <5196>
      - <004E> <51AB>
      - <0057> <51E0>
      - <005A> <51F5>
  Font /F24: 24 0 R (/Type0, BaseFont /TAAAAA+BIZUDPGothic-Regular)
    Encoding: /Identity-H
    ToUnicode: 206 0 R
      - <0026> <5200>
  Font /F25: 25 0 R (/Type0, BaseFont /UAAAAA+BIZUDPGothic-Regular)
    Encoding: /Identity-H
    ToUnicode: 210 0 R
      - <003D> <52F9>
      - <0043> <5315>
      - <0044> <531A>
      - <0049> <5338>
      - <004F> <5369>
      - <0053> <5382>
      - <005A> <53B6>
  Font /F26: 26 0 R (/Type0, BaseFont /VAAAAA+BIZUDPGothic-Regular)
    Encoding: /Identity-H
    ToUnicode: 214 0 R
      - <001D> <5341>
      - <0027> <9CE5>
      - <0030> <7C73>
  Font /F27: 27 0 R (/Type0, BaseFont /WAAAAA+BIZUDPGothic-Regular)
    Encoding: /Identity-H
    ToUnicode: 218 0 R
      - <001D> <535C>
  Font /F28: 28 0 R (/Type0, BaseFont /XAAAAA+BIZUDPGothic-Regular)
    Encoding: /Identity-H
    ToUnicode: 222 0 R
      - <0008> <4E80>
      - <002B> <53C8>
  Font /F29: 29 0 R (/Type0, BaseFont /YAAAAA+BIZUDPGothic-Regular)
    Encoding: /Identity-H
    ToUnicode: 226 0 R
      - <0013> <8A00>
      - <0016> <53E3>
      - <0021> <8ECA>
  Font /F30: 30 0 R (/Type0, BaseFont /ZAAAAA+BIZUDPGothic-Regular)
    Encoding: /Identity-H
    ToUnicode: 230 0 R
      - <0043> <56D7>
  Font /F31: 31 0 R (/Type0, BaseFont /ABAAAA+BIZUDPGothic-Regular)
    Encoding: /Identity-H
    ToUnicode: 234 0 R
      - <0007> <97F3>
      - <0021> <8272>
      - <0022> <8EAB>
      - <002D> <571F>
      - <0032> <767D>
  Font /F32: 32 0 R (/Type0, BaseFont /BBAAAA+BIZUDPGothic-Regular)
    Encoding: /Identity-H
    ToUnicode: 238 0 R
      - <005B> <5902>
      - <005C> <590A>
  Font /F33: 33 0 R (/Type0, BaseFont /CBAAAA+BIZUDPGothic-Regular)
    Encoding: /Identity-H
    ToUnicode: 242 0 R
      - <0028> <76AE>
      - <0033> <5915>
  Font /F34: 34 0 R (/Type0, BaseFont /DBAAAA+BIZUDPGothic-Regular)
    Encoding: /Identity-H
    ToUnicode: 246 0 R
      - <005B> <5B80>
  Font /F35: 35 0 R (/Type0, BaseFont /EBAAAA+BIZUDPGothic-Regular)
    Encoding: /Identity-H
    ToUnicode: 250 0 R
      - <0042> <5C22>
      - <0044> <5C38>
      - <004C> <5C6E>
  Font /F36: 36 0 R (/Type0, BaseFont /FBAAAA+BIZUDPGothic-Regular)
    Encoding: /Identity-H
    ToUnicode: 254 0 R
      - <0029> <5DDB>
      - <003F> <5E7A>
      - <0040> <5E7F>
      - <0053> <5EF4>
      - <0055> <5EFE>
      - <005A> <5F0B>
  Font /F37: 37 0 R (/Type0, BaseFont /GBAAAA+BIZUDPGothic-Regular)
    Encoding: /Identity-H
    ToUnicode: 258 0 R
      - <000D> <7FBD>
      - <0018> <5DF1>
      - <002E> <7236>
  Font /F38: 38 0 R (/Type0, BaseFont /HBAAAA+BIZUDPGothic-Regular)
    Encoding: /Identity-H
    ToUnicode: 262 0 R
      - <000E> <5DFE>
      - <0018> <821F>
  Font /F39: 39 0 R (/Type0, BaseFont /IBAAAA+BIZUDPGothic-Regular)
    Encoding: /Identity-H
    ToUnicode: 266 0 R
      - <0010> <5E72>
      - <0015> <9B3C>
      - <0016> <725B>
      - <001B> <8033>
      - <001E> <8F9B>
  Font /F4: 4 0 R (/Type0, BaseFont /AAAAAA+BIZUDPGothic-Regular)
    Encoding: /Identity-H
    ToUnicode: 130 0 R
      - <0010> <0020>
      - <001B> <002B>
      - <0022> <0032>
      - <0029> <0039>
      - <0031> <0041>
      - <0040> <0050>
      - <0045> <0055>
      - <0033> <0036> <0043>
      - <003A> <003B> <004A>
  Font /F40: 40 0 R (/Type0, BaseFont /JBAAAA+BIZUDPGothic-Regular)
    Encoding: /Identity-H
    ToUnicode: 270 0 R
      - <000E> <5F13>
      - <0012> <9F13>
  Font /F41: 41 0 R (/Type0, BaseFont /KBAAAA+BIZUDPGothic-Regular)
    Encoding: /Identity-H
    ToUnicode: 274 0 R
      - <002D> <5F61>
  Font /F42: 42 0 R (/Type0, BaseFont /LBAAAA+BIZUDPGothic-Regular)
    Encoding: /Identity-H
    ToUnicode: 278 0 R
      - <0011> <5F73>
  Font /F43: 43 0 R (/Type0, BaseFont /MBAAAA+BIZUDPGothic-Regular)
    Encoding: /Identity-H
    ToUnicode: 282 0 R
      - <0041> <6208>
  Font /F44: 44 0 R (/Type0, BaseFont /NBAAAA+BIZUDPGothic-Regular)
    Encoding: /Identity-H
    ToUnicode: 286 0 R
      - <001B> <7389>
      - <001E> <6238>
      - <002A> <8D64>
      - <0033> <99AC>
  Font /F45: 45 0 R (/Type0, BaseFont /OBAAAA+BIZUDPGothic-Regular)
    Encoding: /Identity-H
    ToUnicode: 290 0 R
      - <0005> <65A4>
      - <0022> <6534>
      - <003E> <65E0>
  Font /F46: 46 0 R (/Type0, BaseFont /PBAAAA+BIZUDPGothic-Regular)
    Encoding: /Identity-H
    ToUnicode: 294 0 R
      - <000F> <7F36>
      - <0026> <6597>
  Font /F47: 47 0 R (/Type0, BaseFont /QBAAAA+BIZUDPGothic-Regular)
    Encoding: /Identity-H
    ToUnicode: 298 0 R
      - <0081> <6708>
      - <0083> <65E5>
  Font /F48: 48 0 R (/Type0, BaseFont /RBAAAA+BIZUDPGothic-Regular)
    Encoding: /Identity-H
    ToUnicode: 302 0 R
      - <0009> <74DC>
      - <002A> <66F0>
  Font /F49: 49 0 R (/Type0, BaseFont /SBAAAA+BIZUDPGothic-Regular)
    Encoding: /Identity-H
    ToUnicode: 306 0 R
      - <0019> <6B20>
      - <001F> <81F3>
      - <002A> <7AF9>
  Font /F5: 5 0 R (/Type0, BaseFont /BAAAAA+BIZUDPGothic-Regular)
    Encoding: /Identity-H
    ToUnicode: 134 0 R
      - <000E> <30FC>
      - <0010> <3042>
      - <0012> <3044>
      - <0014> <3046>
      - <0016> <3048>
      - <001D> <304F>
      - <001F> <3051>
      - <0021> <3053>
      - <0023> <3055>
      - <0025> <3057>
      - <0027> <3059>
      - <0029> <305B>
      - <002B> <305D>
      - <002D> <305F>
      - <002F> <3061>
      - <0032> <3064>
      - <0040> <3072>
      - <0043> <3075>
      - <0046> <3078>
      - <0049> <307B>
      - <0051> <3084>
      - <0053> <3086>
      - <005C> <308F>
      - <0061> <30A2>
      - <0063> <30A4>
      - <0065> <30A6>
      - <0067> <30A8>
      - <006C> <30AD>
      - <006E> <30AF>
      - <0070> <30B1>
      - <0072> <30B3>
      - <0074> <30B5>
      - <0076> <30B7>
      - <0078> <30B9>
      - <007A> <30BB>
      - <007C> <30BD>
      - <007E> <30BF>
      - <0080> <30C1>
      - <0091> <30D2>
      - <0094> <30D5>
      - <00A2> <30E4>
      - <00A4> <30E6>
      - <00AC> <30EF>
      - <0007> <0008> <3001>
      - <0018> <001B> <304A>
      - <0034> <0036> <3066>
      - <0038> <003D> <306A>
      - <004C> <004D> <307E>
      - <004E> <004F> <3081>
      - <0055> <005A> <3088>
      - <005E> <005F> <3092>
      - <0069> <006A> <30AA>
      - <0082> <0083> <30C3>
      - <0085> <0087> <30C6>
      - <0089> <008E> <30CA>
      - <0096> <0097> <30D7>
      - <009A> <009B> <30DB>
      - <009D> <00A0> <30DE>
      - <00A6> <00AB> <30E8>
      - <00AE> <00AF> <30F2>
  Font /F50: 50 0 R (/Type0, BaseFont /TBAAAA+BIZUDPGothic-Regular)
    Encoding: /Identity-H
    ToUnicode: 310 0 R
      - <0014> <6B62>
      - <001C> <77F3>
      - <001F> <8DB3>
      - <0030> <9580>
  Font /F51: 51 0 R (/Type0, BaseFont /UBAAAA+BIZUDPGothic-Regular)
    Encoding: /Identity-H
    ToUnicode: 314 0 R
      - <0054> <6B79>
  Font /F52: 52 0 R (/Type0, BaseFont /VBAAAA+BIZUDPGothic-Regular)
    Encoding: /Identity-H
    ToUnicode: 318 0 R
      - <0019> <6BB3>
      - <001D> <6BCB>
      - <0025> <6C14>
  Font /F53: 53 0 R (/Type0, BaseFont /WBAAAA+BIZUDPGothic-Regular)
    Encoding: /Identity-H
    ToUnicode: 322 0 R
      - <0015> <6C0F>
      - <001A> <52A9>
      - <0026> <8089>
      - <0028> <98DB>
  Font /F54: 54 0 R (/Type0, BaseFont /XBAAAA+BIZUDPGothic-Regular)
    Encoding: /Identity-H
    ToUnicode: 326 0 R
      - <0020> <722A>
  Font /F55: 55 0 R (/Type0, BaseFont /YBAAAA+BIZUDPGothic-Regular)
    Encoding: /Identity-H
    ToUnicode: 330 0 R
      - <002C> <723B>
      - <002E> <723F>
  Font /F56: 56 0 R (/Type0, BaseFont /ZBAAAA+BIZUDPGothic-Regular)
    Encoding: /Identity-H
    ToUnicode: 334 0 R
      - <002A> <7247>
  Font /F57: 57 0 R (/Type0, BaseFont /ACAAAA+BIZUDPGothic-Regular)
    Encoding: /Identity-H
    ToUnicode: 338 0 R
      - <000B> <7259>
      - <0022> <8FB0>
  Font /F58: 58 0 R (/Type0, BaseFont /BCAAAA+BIZUDPGothic-Regular)
    Encoding: /Identity-H
    ToUnicode: 342 0 R
      - <0009> <9769>
      - <0012> <7A74>
      - <0013> <72AC>
      - <0015> <9AA8>
      - <0023> <8C46>
      - <002E> <77E2>
  Font /F59: 59 0 R (/Type0, BaseFont /CCAAAA+BIZUDPGothic-Regular)
    Encoding: /Identity-H
    ToUnicode: 346 0 R
      - <000A> <74E6>
  Font /F6: 6 0 R (/Type0, BaseFont /CAAAAA+BIZUDPGothic-Regular)
    Encoding: /Identity-H
    ToUnicode: 138 0 R
      - <0008> <30E2>
      - <000E> <91D1>
      - <0011> <9AD8>
      - <0013> <4F5C>
      - <0016> <5B50>
      - <0017> <81EA>
      - <001A> <624B>
      - <001C> <5C0F>
      - <0027> <8868>
      - <002A> <90E8>
      - <002C> <6587>
  Font /F60: 60 0 R (/Type0, BaseFont /DCAAAA+BIZUDPGothic-Regular)
    Encoding: /Identity-H
    ToUnicode: 350 0 R
      - <000B> <7518>
      - <002C> <961C>
  Font /F61: 61 0 R (/Type0, BaseFont /ECAAAA+BIZUDPGothic-Regular)
    Encoding: /Identity-H
    ToUnicode: 354 0 R
      - <000D> <758B>
      - <005C> <7676>
      - <0066> <7592>
  Font /F62: 62 0 R (/Type0, BaseFont /FCAAAA+BIZUDPGothic-Regular)
    Encoding: /Identity-H
    ToUnicode: 358 0 R
      - <0006> <81FC>
      - <0025> <9801>
      - <0029> <77DB>
      - <0032> <8278>
  Font /F63: 63 0 R (/Type0, BaseFont /GCAAAA+BIZUDPGothic-Regular)
    Encoding: /Identity-H
    ToUnicode: 362 0 R
      - <0006> <79BE>
      - <0062> <79B8>
  Font /F64: 64 0 R (/Type0, BaseFont /HCAAAA+BIZUDPGothic-Regular)
    Encoding: /Identity-H
    ToUnicode: 366 0 R
      - <0016> <7CF8>
  Font /F65: 65 0 R (/Type0, BaseFont /ICAAAA+BIZUDPGothic-Regular)
    Encoding: /Identity-H
    ToUnicode: 370 0 R
      - <0036> <7F51>
  Font /F66: 66 0 R (/Type0, BaseFont /JCAAAA+BIZUDPGothic-Regular)
    Encoding: /Identity-H
    ToUnicode: 374 0 R
      - <0008> <800C>
      - <002E> <8012>
      - <0044> <807F>
  Font /F67: 67 0 R (/Type0, BaseFont /KCAAAA+BIZUDPGothic-Regular)
    Encoding: /Identity-H
    ToUnicode: 378 0 R
      - <001A> <81E3>
      - <001C> <820C>
  Font /F68: 68 0 R (/Type0, BaseFont /LCAAAA+BIZUDPGothic-Regular)
    Encoding: /Identity-H
    ToUnicode: 382 0 R
      - <0008> <826E>
      - <000A> <821B>
  Font /F69: 69 0 R (/Type0, BaseFont /MCAAAA+BIZUDPGothic-Regular)
    Encoding: /Identity-H
    ToUnicode: 386 0 R
      - <0055> <864D>
  Font /F7: 7 0 R (/Type0, BaseFont /DAAAAA+BIZUDPGothic-Regular)
    Encoding: /Identity-H
    ToUnicode: 142 0 R
      - <0008> <706B>
      - <0014> <9999>
      - <0017> <5B57>
      - <001C> <9752>
      - <002A> <975E>
  Font /F70: 70 0 R (/Type0, BaseFont /NCAAAA+BIZUDPGothic-Regular)
    Encoding: /Identity-H
    ToUnicode: 390 0 R
      - <0020> <866B>
      - <002E> <9F8D>
  Font /F71: 71 0 R (/Type0, BaseFont /OCAAAA+BIZUDPGothic-Regular)
    Encoding: /Identity-H
    ToUnicode: 394 0 R
      - <0006> <96E8>
      - <000F> <9B5A>
      - <0013> <8840>
  Font /F72: 72 0 R (/Type0, BaseFont /PCAAAA+BIZUDPGothic-Regular)
    Encoding: /Identity-H
    ToUnicode: 398 0 R
      - <0005> <8863>
      - <002B> <88DC>
  Font /F73: 73 0 R (/Type0, BaseFont /QCAAAA+BIZUDPGothic-Regular)
    Encoding: /Identity-H
    ToUnicode: 402 0 R
      - <0012> <897E>
  Font /F74: 74 0 R (/Type0, BaseFont /RCAAAA+BIZUDPGothic-Regular)
    Encoding: /Identity-H
    ToUnicode: 406 0 R
      - <002B> <8C55>
      - <002E> <8C78>
  Font /F75: 75 0 R (/Type0, BaseFont /SCAAAA+BIZUDPGothic-Regular)
    Encoding: /Identity-H
    ToUnicode: 410 0 R
      - <0007> <8C9D>
  Font /F76: 76 0 R (/Type0, BaseFont /TCAAAA+BIZUDPGothic-Regular)
    Encoding: /Identity-H
    ToUnicode: 414 0 R
      - <0051> <8FB5>
  Font /F77: 77 0 R (/Type0, BaseFont /UCAAAA+BIZUDPGothic-Regular)
    Encoding: /Identity-H
    ToUnicode: 418 0 R
      - <0027> <9091>
  Font /F78: 78 0 R (/Type0, BaseFont /VCAAAA+BIZUDPGothic-Regular)
    Encoding: /Identity-H
    ToUnicode: 422 0 R
      - <000B> <9149>
      - <000D> <91C6>
  Font /F79: 79 0 R (/Type0, BaseFont /WCAAAA+BIZUDPGothic-Regular)
    Encoding: /Identity-H
    ToUnicode: 426 0 R
      - <0051> <96B6>
      - <0053> <96B9>
  Font /F8: 8 0 R (/Type0, BaseFont /EAAAAA+BIZUDPGothic-Regular)
    Encoding: /Identity-H
    ToUnicode: 146 0 R
      - <0018> <76BF>
      - <0022> <62BD>
      - <002E> <7F8A>
  Font /F80: 80 0 R (/Type0, BaseFont /XCAAAA+BIZUDPGothic-Regular)
    Encoding: /Identity-H
    ToUnicode: 430 0 R
      - <0031> <97CB>
      - <0033> <97ED>
      - <009F> <9751>
  Font /F81: 81 0 R (/Type0, BaseFont /YCAAAA+BIZUDPGothic-Regular)
    Encoding: /Identity-H
    ToUnicode: 434 0 R
      - <0050> <9ADF>
  Font /F82: 82 0 R (/Type0, BaseFont /ZCAAAA+BIZUDPGothic-Regular)
    Encoding: /Identity-H
    ToUnicode: 438 0 R
      - <001C> <9B25>
      - <0022> <9B2F>
      - <0023> <9B32>
  Font /F83: 83 0 R (/Type0, BaseFont /ADAAAA+BIZUDPGothic-Regular)
    Encoding: /Identity-H
    ToUnicode: 442 0 R
      - <004D> <9E75>
  Font /F84: 84 0 R (/Type0, BaseFont /BDAAAA+BIZUDPGothic-Regular)
    Encoding: /Identity-H
    ToUnicode: 446 0 R
      - <0004> <9ECD>
      - <0005> <9F20>
      - <0007> <9F0E>
      - <0015> <9EA5>
      - <0028> <9EF9>
      - <002B> <9EFD>
      - <0032> <9F4A>
      - <0033> <9F52>
      - <0041> <9F9C>
      - <0042> <9FA0>
      - <004C> <9EC3>
  Font /F9: 9 0 R (/Type0, BaseFont /FAAAAA+BIZUDPGothic-Regular)
    Encoding: /Identity-H
    ToUnicode: 150 0 R
      - <000C> <4E00>
      - <0014> <898B>
      - <0015> <884C>
      - <001C> <51FA>
      - <0021> <4EBA>
      - <0023> <751F>
      - <0026> <5927>
      - <002B> <5165>
      - <002F> <65B9>
      - <0032> <76EE>
      - <0034> <7528>
