Info: 1 0 R
Root: 106 0 R
RootCreationDate: u:D:20260610193350+00'00'
RootCreator: u:Mozilla/5.0 (Windows NT 10.0; Win64; x64) AppleWebKit/537.36 (KHTML, like Gecko) Chrome/149.0.0.0 Safari/537.36
RootModDate: u:D:20260610193350+00'00'
RootProducer: u:Skia/PDF m149
RootTitle: u:PDF文字抽出テストデータ
Root-Pages: 66 0 R
Root-StructTreeRoot: 67 0 R
Page 1 obj: 2 0 R
  Font /F10: 10 0 R (/Type3, CIDFont (0 - 248))
    Encoding: /Encoding-Differences
    ToUnicode: 296 0 R
      - <0B> <2F9E>
      - <1F> <2F3F>
      - <28> <2FB8>
      - <41> <2F88>
      - <50> <2F17>
      - <63> <51FA>
      - <84> <66F8>
      - <88> <52A9>
      - <8A> <2F25>
      - <9F> <2F29>
      - <F6> <2F8A>
      - <F8> <2FB7>
  Font /F11: 11 0 R (/Type3, CIDFont (0 - 236))
    Encoding: /Encoding-Differences
    ToUnicode: 310 0 R
      - <02> <2FA8>
      - <0B> <2F6E>
      - <31> <2FA2>
      - <35> <2F23>
      - <4A> <2F64>
      - <4C> <2F7A>
      - <7B> <2FA5>
      - <80> <2F74>
      - <8C> <2EEF>
      - <8D> <2FD3>
      - <A6> <2F12>
      - <EC> <2F7C>
  Font /F12: 12 0 R (/Type3, CIDFont (0 - 251))
    Encoding: /Encoding-Differences
    ToUnicode: 330 0 R
      - <44> <2F4B>
      - <47> <2F73>
      - <49> <2F8E>
      - <4B> <2F49>
      - <5F> <2F5D>
      - <66> <2F92>
      - <77> <2F5E>
      - <7B> <2F94>
      - <85> <2F30>
      - <88> <2F3E>
      - <92> <2EC1>
      - <98> <2FCE>
      - <B8> <2F1D>
      - <C2> <2F2F>
      - <C8> <5EB7>
      - <ED> <2F8F>
      - <FA> <2FB9>
      - <FB> <2FBC>
  Font /F13: 13 0 R (/Type3, CIDFont (0 - 251))
    Encoding: /Encoding-Differences
    ToUnicode: 338 0 R
      - <09> <2F4E>
      - <0D> <2F4F>
      - <17> <2F53>
      - <D6> <7155>
      - <F9> <2F58>
      - <FB> <2F59>
  Font /F14: 14 0 R (/Type3, CIDFont (0 - 246))
    Encoding: /Encoding-Differences
    ToUnicode: 356 0 R
      - <12> <2FBA>
      - <35> <2F69>
      - <41> <2EE8>
      - <4D> <2F0B>
      - <71> <2FA4>
      - <87> <2F50>
      - <8A> <2F6A>
      - <94> <2FAE>
      - <95> <2FB6>
      - <A0> <2FD0>
      - <A4> <2F66>
      - <BC> <8868>
      - <E2> <2F57>
      - <EB> <2FA9>
      - <F3> <90E8>
      - <F6> <2FB5>
  Font /F15: 15 0 R (/Type3, CIDFont (0 - 244))
    Encoding: /Encoding-Differences
    ToUnicode: 369 0 R
      - <30> <2EE9>
      - <3A> <2F04>
      - <40> <2FB3>
      - <55> <2F55>
      - <58> <2F72>
      - <90> <2F99>
      - <B4> <2F93>
      - <B6> <8F03>
      - <BA> <2FB0>
      - <E5> <2F61>
      - <F4> <2F32>
  Font /F16: 16 0 R (/Type3, CIDFont (0 - 225))
    Encoding: /Encoding-Differences
    ToUnicode: 377 0 R
      - <A9> <2F90>
      - <B4> <2F00>
      - <CF> <2F7B>
      - <D1> <2FAC>
      - <D7> <2F85>
      - <E1> <2F60>
  Font /F17: 17 0 R (/Type3, CIDFont (0 - 226))
    Encoding: /Encoding-Differences
    ToUnicode: 391 0 R
      - <06> <2F56>
      - <2A> <2FCD>
      - <4A> <2F65>
      - <53> <2F43>
      - <60> <2F1F>
      - <67> <2F11>
      - <8A> <2F96>
      - <B7> <2FA3>
      - <D7> <2F06>
      - <DD> <2F81>
      - <E0> <2F47>
      - <E2> <2F0A>
  Font /F19: 19 0 R (/Type3, CIDFont (0 - 217))
    Encoding: /Encoding-Differences
    ToUnicode: 410 0 R
      - <04> <2F3C>
      - <13> <2F82>
      - <18> <2F9D>
      - <19> <2F9F>
      - <1D> <2F08>
      - <35> <2F54>
      - <51> <2F28>
      - <5C> <6210>
      - <66> <2F63>
      - <6C> <2EC4>
      - <72> <2ED8>
      - <74> <2EEB>
      - <7E> <2F6F>
      - <84> <2F9A>
      - <93> <2F86>
      - <B0> <2F87>
      - <D9> <2FCF>
  Font /F20: 20 0 R (/Type3, CIDFont (0 - 224))
    Encoding: /Encoding-Differences
    ToUnicode: 425 0 R
      - <03> <6F22>
      - <07> <2F62>
      - <0E> <2F78>
      - <54> <2EE4>
      - <55> <2EF2>
      - <70> <2FC9>
      - <7D> <2F38>
      - <8D> <2F5C>
      - <9B> <2FC2>
      - <CA> <2F5F>
      - <D0> <2F31>
      - <D2> <2F44>
      - <E0> <2FA6>
  Font /F21: 21 0 R (/Type3, CIDFont (0 - 211))
    Encoding: /Encoding-Differences
    ToUnicode: 428 0 R
      - <D3> <2F01>
  Font /F22: 22 0 R (/Type3, CIDFont (0 - 248))
    Encoding: /Encoding-Differences
    ToUnicode: 448 0 R
      - <0F> <2F02>
      - <11> <2F03>
      - <16> <2F05>
      - <1E> <2F07>
      - <80> <2F09>
      - <81> <2E8E>
      - <8B> <2F0C>
      - <93> <2F0D>
      - <99> <2F0E>
      - <A3> <2F0F>
      - <A8> <2F10>
      - <D6> <2F13>
      - <E3> <2F16>
      - <EC> <2F19>
      - <F1> <2F1A>
      - <F8> <2F1B>
      - <DD> <DE> <2F14>
  Font /F23: 23 0 R (/Type3, CIDFont (0 - 204))
    Encoding: /Encoding-Differences
    ToUnicode: 453 0 R
      - <7C> <2F1E>
      - <CB> <CC> <2F21>
  Font /F24: 24 0 R (/Type3, CIDFont (0 - 195))
    Encoding: /Encoding-Differences
    ToUnicode: 468 0 R
      - <20> <2F27>
      - <38> <2E90>
      - <3A> <2F2B>
      - <44> <2F2C>
      - <7E> <2F2E>
      - <95> <2E93>
      - <97> <2F34>
      - <AB> <2F35>
      - <AD> <2F36>
      - <B2> <2F37>
      - <BD> <2E94>
      - <C1> <2F3A>
      - <C3> <2F3B>
  Font /F25: 25 0 R (/Type3, CIDFont (0 - 250))
    Encoding: /Encoding-Differences
    ToUnicode: 475 0 R
      - <19> <2E83>
      - <4C> <2E89>
      - <C4> <2E8F>
      - <F1> <2F39>
      - <FA> <2E96>
  Font /F26: 26 0 R (/Type3, CIDFont (0 - 244))
    Encoding: /Encoding-Differences
    ToUnicode: 482 0 R
      - <55> <2F3D>
      - <D5> <2F41>
      - <D6> <2E99>
      - <F3> <2F46>
      - <F4> <2E9B>
  Font /F27: 27 0 R (/Type3, CIDFont (0 - 249))
    Encoding: /Encoding-Differences
    ToUnicode: 486 0 R
      - <20> <2F48>
      - <F9> <2F4D>
  Font /F28: 28 0 R (/Type3, CIDFont (0 - 60))
    Encoding: /Encoding-Differences
    ToUnicode: 489 0 R
      - <3C> <2F5B>
  Font /F29: 29 0 R (/Type3, CIDFont (0 - 210))
    Encoding: /Encoding-Differences
    ToUnicode: 496 0 R
      - <3A> <2F67>
      - <73> <2EAD>
      - <7B> <2F71>
      - <D1> <2EAB>
      - <D2> <2EB1>
  Font /F30: 30 0 R (/Type3, CIDFont (0 - 173))
    Encoding: /Encoding-Differences
    ToUnicode: 499 0 R
      - <AD> <2F68>
  Font /F31: 31 0 R (/Type3, CIDFont (0 - 202))
    Encoding: /Encoding-Differences
    ToUnicode: 505 0 R
      - <2B> <2F79>
      - <55> <2F7E>
      - <6B> <2F80>
      - <CA> <2F8B>
  Font /F32: 32 0 R (/Type3, CIDFont (0 - 104))
    Encoding: /Encoding-Differences
    ToUnicode: 508 0 R
      - <68> <2F8C>
  Font /F33: 33 0 R (/Type3, CIDFont (0 - 115))
    Encoding: /Encoding-Differences
    ToUnicode: 513 0 R
      - <05> <2F91>
      - <70> <2F97>
      - <73> <2F98>
  Font /F34: 34 0 R (/Type3, CIDFont (0 - 217))
    Encoding: /Encoding-Differences
    ToUnicode: 520 0 R
      - <45> <2EC2>
      - <8A> <2FA1>
      - <8B> <2ECD>
      - <D2> <2ED2>
      - <D9> <2ECF>
  Font /F35: 35 0 R (/Type3, CIDFont (0 - 230))
    Encoding: /Encoding-Differences
    ToUnicode: 524 0 R
      - <E4> <2FAA>
      - <E6> <2FAB>
  Font /F36: 36 0 R (/Type3, CIDFont (0 - 25))
    Encoding: /Encoding-Differences
    ToUnicode: 527 0 R
      - <19> <2FAD>
  Font /F37: 37 0 R (/Type3, CIDFont (0 - 160))
    Encoding: /Encoding-Differences
    ToUnicode: 535 0 R
      - <1F> <2FB1>
      - <21> <2FB2>
      - <88> <2FBD>
      - <99> <2FBE>
      - <9F> <A0> <2FBF>
  Font /F38: 38 0 R (/Type3, CIDFont (0 - 78))
    Encoding: /Encoding-Differences
    ToUnicode: 545 0 R
      - <13> <2FC4>
      - <1E> <2FC6>
      - <33> <2FCB>
      - <36> <2FCC>
      - <3E> <3F> <2FD1>
      - <4D> <4E> <2FD4>
  Font /F39: 39 0 R (/Type3, CIDFont (0 - 63))
    Encoding: /Encoding-Differences
    ToUnicode: 548 0 R
      - <3F> <2FC8>
  Font /F4: 4 0 R (/Type3, CIDFont (0 - 54))
    Encoding: /Encoding-Differences
    ToUnicode: 121 0 R
      - <01> <0001>
      - <0C> <002B>
      - <13> <0032>
      - <1A> <0039>
      - <22> <0041>
      - <31> <0050>
      - <36> <0055>
      - <24> <27> <0043>
      - <2B> <2C> <004A>
  Font /F40: 40 0 R (/Type3, CIDFont (0 - 103))
    Encoding: /Encoding-Differences
    ToUnicode: 566 0 R
      - <53> <2E84>
      - <54> <2E86>
      - <55> <2E88>
      - <56> <2E8A>
      - <58> <2E91>
      - <5E> <2EA5>
      - <5F> <2EA7>
      - <66> <2EB8>
      - <67> <2EBB>
      - <51> <52> <2E80>
      - <5B> <5C> <2E9C>
      - <62> <64> <2EB4>
  Font /F41: 41 0 R (/Type3, CIDFont (0 - 161))
    Encoding: /Encoding-Differences
    ToUnicode: 570 0 R
      - <A1> <2E82>
  Font /F42: 42 0 R (/Type3, CIDFont (0 - 225))
    Encoding: /Encoding-Differences
    ToUnicode: 583 0 R
      - <4D> <2EDD>
      - <4E> <2EDF>
      - <4F> <2EDE>
      - <52> <2E97>
      - <56> <2E85>
      - <64> <2EC3>
      - <80> <2ECA>
      - <98> <2EAE>
      - <E1> <2EAA>
      - <3F> <40> <2E8C>
  Font /F43: 43 0 R (/Type3, CIDFont (0 - 174))
    Encoding: /Encoding-Differences
    ToUnicode: 594 0 R
      - <35> <2EB7>
      - <4A> <2EB9>
      - <50> <2E87>
      - <55> <2E8B>
      - <84> <2EA6>
      - <A4> <2EB3>
      - <AC> <AE> <2EBE>
  Font /F44: 44 0 R (/Type3, CIDFont (0 - 103))
    Encoding: /Encoding-Differences
    ToUnicode: 599 0 R
      - <5B> <2E95>
      - <62> <2EA4>
      - <67> <2ECC>
  Font /F45: 45 0 R (/Type3, CIDFont (0 - 245))
    Encoding: /Encoding-Differences
    ToUnicode: 606 0 R
      - <1A> <2E98>
      - <D6> <2EA3>
      - <F5> <2EA8>
      - <9A> <9B> <2EA1>
  Font /F46: 46 0 R (/Type3, CIDFont (0 - 43))
    Encoding: /Encoding-Differences
    ToUnicode: 609 0 R
      - <2B> <2E9E>
  Font /F47: 47 0 R (/Type3, CIDFont (0 - 232))
    Encoding: /Encoding-Differences
    ToUnicode: 616 0 R
      - <82> <2ED7>
      - <83> <2EBD>
      - <A7> <2EC6>
      - <D6> <2EA9>
      - <E8> <2EBC>
  Font /F48: 48 0 R (/Type3, CIDFont (0 - 5))
    Encoding: /Encoding-Differences
    ToUnicode: 619 0 R
      - <05> <2EAC>
  Font /F49: 49 0 R (/Type3, CIDFont (0 - 96))
    Encoding: /Encoding-Differences
    ToUnicode: 622 0 R
      - <60> <2EAF>
  Font /F5: 5 0 R (/Type3, CIDFont (0 - 242))
    Encoding: /Encoding-Differences
    ToUnicode: 222 0 R
      - <4E> <3042>
      - <50> <3044>
      - <52> <3046>
      - <54> <3048>
      - <5B> <304F>
      - <5D> <3051>
      - <5F> <3053>
      - <61> <3055>
      - <63> <3057>
      - <65> <3059>
      - <67> <305B>
      - <69> <305D>
      - <6B> <305F>
      - <6D> <3061>
      - <70> <3064>
      - <7E> <3072>
      - <81> <3075>
      - <84> <3078>
      - <87> <307B>
      - <90> <3084>
      - <92> <3086>
      - <9B> <308F>
      - <A1> <30A2>
      - <A3> <30A4>
      - <A5> <30A6>
      - <A7> <30A8>
      - <AC> <30AD>
      - <AE> <30AF>
      - <B0> <30B1>
      - <B2> <30B3>
      - <B4> <30B5>
      - <B6> <30B7>
      - <B8> <30B9>
      - <BA> <30BB>
      - <BC> <30BD>
      - <BE> <30BF>
      - <C0> <30C1>
      - <D1> <30D2>
      - <D4> <30D5>
      - <E3> <30E4>
      - <E5> <30E6>
      - <EE> <30EF>
      - <56> <59> <304A>
      - <72> <74> <3066>
      - <76> <7B> <306A>
      - <8A> <8E> <307E>
      - <94> <99> <3088>
      - <9E> <9F> <3092>
      - <A9> <AA> <30AA>
      - <C2> <C3> <30C3>
      - <C5> <C7> <30C6>
      - <C9> <CE> <30CA>
      - <D6> <D7> <30D7>
      - <DA> <DB> <30DB>
      - <DD> <E1> <30DE>
      - <E7> <EC> <30E8>
      - <F1> <F2> <30F2>
  Font /F50: 50 0 R (/Type3, CIDFont (0 - 147))
    Encoding: /Encoding-Differences
    ToUnicode: 625 0 R
      - <93> <2EB0>
  Font /F51: 51 0 R (/Type3, CIDFont (0 - 101))
    Encoding: /Encoding-Differences
    ToUnicode: 628 0 R
      - <65> <2EBA>
  Font /F52: 52 0 R (/Type3, CIDFont (0 - 48))
    Encoding: /Encoding-Differences
    ToUnicode: 631 0 R
      - <30> <2EC5>
  Font /F53: 53 0 R (/Type3, CIDFont (0 - 251))
    Encoding: /Encoding-Differences
    ToUnicode: 635 0 R
      - <CC> <2EC7>
      - <FB> <2ED5>
  Font /F54: 54 0 R (/Type3, CIDFont (0 - 115))
    Encoding: /Encoding-Differences
    ToUnicode: 638 0 R
      - <73> <2EC8>
  Font /F55: 55 0 R (/Type3, CIDFont (0 - 27))
    Encoding: /Encoding-Differences
    ToUnicode: 641 0 R
      - <1B> <2EC9>
  Font /F56: 56 0 R (/Type3, CIDFont (0 - 113))
    Encoding: /Encoding-Differences
    ToUnicode: 645 0 R
      - <59> <2ECB>
      - <71> <2ECE>
  Font /F57: 57 0 R (/Type3, CIDFont (0 - 240))
    Encoding: /Encoding-Differences
    ToUnicode: 650 0 R
      - <9C> <2ED0>
      - <A1> <2ED3>
      - <F0> <2ED4>
  Font /F58: 58 0 R (/Type3, CIDFont (0 - 167))
    Encoding: /Encoding-Differences
    ToUnicode: 656 0 R
      - <29> <2ED9>
      - <8A> <2EDA>
      - <A4> <2EDB>
      - <A7> <2EDC>
  Font /F59: 59 0 R (/Type3, CIDFont (0 - 140))
    Encoding: /Encoding-Differences
    ToUnicode: 661 0 R
      - <05> <2EE0>
      - <8A> <2EE2>
      - <8C> <2EE3>
  Font /F6: 6 0 R (/Type3, CIDFont (0 - 246))
    Encoding: /Encoding-Differences
    ToUnicode: 241 0 R
      - <16> <2F42>
      - <24> <2F76>
      - <25> <2FB4>
      - <30> <2F5A>
      - <42> <88DC>
      - <4A> <2E9F>
      - <5B> <2F45>
      - <8A> <2F18>
      - <9F> <2FC7>
      - <B0> <2F1C>
      - <C0> <2E92>
      - <CB> <2EA0>
      - <D1> <2F6D>
      - <E6> <2FAF>
      - <ED> <2F51>
      - <F4> <2F4A>
      - <F6> <2F6C>
  Font /F60: 60 0 R (/Type3, CIDFont (0 - 13))
    Encoding: /Encoding-Differences
    ToUnicode: 664 0 R
      - <0D> <2EE1>
  Font /F61: 61 0 R (/Type3, CIDFont (0 - 217))
    Encoding: /Encoding-Differences
    ToUnicode: 667 0 R
      - <D9> <2EE5>
  Font /F62: 62 0 R (/Type3, CIDFont (0 - 236))
    Encoding: /Encoding-Differences
    ToUnicode: 671 0 R
      - <8C> <2EE6>
      - <EC> <2EEA>
  Font /F63: 63 0 R (/Type3, CIDFont (0 - 77))
    Encoding: /Encoding-Differences
    ToUnicode: 674 0 R
      - <4D> <2EE7>
  Font /F64: 64 0 R (/Type3, CIDFont (0 - 80))
    Encoding: /Encoding-Differences
    ToUnicode: 681 0 R
      - <1F> <2EEC>
      - <41> <2EEE>
      - <4B> <2EF0>
      - <4D> <2EF1>
      - <50> <2EF3>
  Font /F7: 7 0 R (/Type3, CIDFont (0 - 227))
    Encoding: /Encoding-Differences
    ToUnicode: 265 0 R
      - <0F> <2FCA>
      - <16> <2FBB>
      - <29> <2F89>
      - <66> <4F5C>
      - <84> <2F6B>
      - <89> <2F2D>
      - <A4> <2F20>
      - <A8> <2F26>
      - <AF> <2F40>
      - <B5> <2F4C>
      - <B7> <2F52>
      - <BB> <2F77>
      - <C0> <2F84>
      - <CB> <2EED>
      - <CD> <4F3C>
      - <D0> <5B57>
      - <D5> <6B21>
      - <DC> <2F70>
      - <DD> <2F7D>
      - <DE> <2F7F>
      - <DF> <2F83>
      - <E3> <2FC5>
  Font /F8: 8 0 R (/Type3, CIDFont (0 - 150))
    Encoding: /Encoding-Differences
    ToUnicode: 270 0 R
      - <96> <30FC>
      - <7C> <7D> <3001>
  Font /F9: 9 0 R (/Type3, CIDFont (0 - 226))
    Encoding: /Encoding-Differences
    ToUnicode: 282 0 R
      - <03> <2F9B>
      - <18> <2F9C>
      - <52> <2F24>
      - <6D> <2FA0>
      - <74> <2F95>
      - <A6> <2F75>
      - <B3> <62BD>
      - <B7> <2F8D>
      - <E0> <2ED1>
      - <E2> <2FC3>
