Info: 1 0 R
Root: 182 0 R
RootCreationDate: u:D:20260610181209+00'00'
RootCreator: u:Mozilla/5.0 (Windows NT 10.0; Win64; x64) AppleWebKit/537.36 (KHTML, like Gecko) Chrome/149.0.0.0 Safari/537.36
RootModDate: u:D:20260610181209+00'00'
RootProducer: u:Skia/PDF m149
RootTitle: u:PDF文字抽出テストデータ
Root-Pages: 142 0 R
Root-StructTreeRoot: 143 0 R
Page 1 obj: 2 0 R
  Font /F10: 10 0 R (/Type0, BaseFont /GAAAAA+BIZUDPGothic-Regular)
    Encoding: /Identity-H
    ToUnicode: 210 0 R
      - <001B> <5C71>
      - <001E> <6B21>
      - <0020> <5973>
      - <0021> <98DF>
      - <0023> <5FC3>
      - <002A> <7530>
      - <0030> <9762>
      - <0031> <6728>
      - <0035> <7ACB>
  Font /F100: 100 0 R (/Type3, CIDFont (0 - 224))
    Encoding: /Encoding-Differences
    ToUnicode: 724 0 R
      - <07> <2F62>
      - <0E> <2F78>
      - <54> <2EE4>
      - <55> <2EF2>
      - <70> <2FC9>
      - <7D> <2F38>
      - <8D> <2F5C>
      - <9B> <2FC2>
      - <CA> <2F5F>
      - <D0> <2F31>
      - <D2> <2F44>
      - <E0> <2FA6>
  Font /F101: 101 0 R (/Type3, CIDFont (0 - 244))
    Encoding: /Encoding-Differences
    ToUnicode: 731 0 R
      - <55> <2F3D>
      - <D5> <2F41>
      - <D6> <2E99>
      - <F3> <2F46>
      - <F4> <2E9B>
  Font /F102: 102 0 R (/Type3, CIDFont (0 - 249))
    Encoding: /Encoding-Differences
    ToUnicode: 735 0 R
      - <20> <2F48>
      - <F9> <2F4D>
  Font /F103: 103 0 R (/Type3, CIDFont (0 - 251))
    Encoding: /Encoding-Differences
    ToUnicode: 742 0 R
      - <09> <2F4E>
      - <0D> <2F4F>
      - <17> <2F53>
      - <F9> <2F58>
      - <FB> <2F59>
  Font /F104: 104 0 R (/Type3, CIDFont (0 - 60))
    Encoding: /Encoding-Differences
    ToUnicode: 745 0 R
      - <3C> <2F5B>
  Font /F105: 105 0 R (/Type3, CIDFont (0 - 210))
    Encoding: /Encoding-Differences
    ToUnicode: 752 0 R
      - <3A> <2F67>
      - <73> <2EAD>
      - <7B> <2F71>
      - <D1> <2EAB>
      - <D2> <2EB1>
  Font /F106: 106 0 R (/Type3, CIDFont (0 - 173))
    Encoding: /Encoding-Differences
    ToUnicode: 755 0 R
      - <AD> <2F68>
  Font /F107: 107 0 R (/Type3, CIDFont (0 - 202))
    Encoding: /Encoding-Differences
    ToUnicode: 761 0 R
      - <2B> <2F79>
      - <55> <2F7E>
      - <6B> <2F80>
      - <CA> <2F8B>
  Font /F108: 108 0 R (/Type3, CIDFont (0 - 104))
    Encoding: /Encoding-Differences
    ToUnicode: 764 0 R
      - <68> <2F8C>
  Font /F109: 109 0 R (/Type3, CIDFont (0 - 115))
    Encoding: /Encoding-Differences
    ToUnicode: 769 0 R
      - <05> <2F91>
      - <70> <2F97>
      - <73> <2F98>
  Font /F11: 11 0 R (/Type0, BaseFont /HAAAAA+BIZUDPGothic-Regular)
    Encoding: /Identity-H
    ToUnicode: 214 0 R
      - <0014> <5EB7>
  Font /F110: 110 0 R (/Type3, CIDFont (0 - 217))
    Encoding: /Encoding-Differences
    ToUnicode: 776 0 R
      - <45> <2EC2>
      - <8A> <2FA1>
      - <8B> <2ECD>
      - <D2> <2ED2>
      - <D9> <2ECF>
  Font /F111: 111 0 R (/Type3, CIDFont (0 - 230))
    Encoding: /Encoding-Differences
    ToUnicode: 780 0 R
      - <E4> <2FAA>
      - <E6> <2FAB>
  Font /F112: 112 0 R (/Type3, CIDFont (0 - 25))
    Encoding: /Encoding-Differences
    ToUnicode: 783 0 R
      - <19> <2FAD>
  Font /F113: 113 0 R (/Type3, CIDFont (0 - 160))
    Encoding: /Encoding-Differences
    ToUnicode: 791 0 R
      - <1F> <2FB1>
      - <21> <2FB2>
      - <88> <2FBD>
      - <99> <2FBE>
      - <9F> <A0> <2FBF>
  Font /F114: 114 0 R (/Type3, CIDFont (0 - 78))
    Encoding: /Encoding-Differences
    ToUnicode: 801 0 R
      - <13> <2FC4>
      - <1E> <2FC6>
      - <33> <2FCB>
      - <36> <2FCC>
      - <3E> <3F> <2FD1>
      - <4D> <4E> <2FD4>
  Font /F115: 115 0 R (/Type3, CIDFont (0 - 63))
    Encoding: /Encoding-Differences
    ToUnicode: 804 0 R
      - <3F> <2FC8>
  Font /F116: 116 0 R (/Type3, CIDFont (0 - 103))
    Encoding: /Encoding-Differences
    ToUnicode: 822 0 R
      - <53> <2E84>
      - <54> <2E86>
      - <55> <2E88>
      - <56> <2E8A>
      - <58> <2E91>
      - <5E> <2EA5>
      - <5F> <2EA7>
      - <66> <2EB8>
      - <67> <2EBB>
      - <51> <52> <2E80>
      - <5B> <5C> <2E9C>
      - <62> <64> <2EB4>
  Font /F117: 117 0 R (/Type3, CIDFont (0 - 161))
    Encoding: /Encoding-Differences
    ToUnicode: 826 0 R
      - <A1> <2E82>
  Font /F118: 118 0 R (/Type3, CIDFont (0 - 225))
    Encoding: /Encoding-Differences
    ToUnicode: 839 0 R
      - <4D> <2EDD>
      - <4E> <2EDF>
      - <4F> <2EDE>
      - <52> <2E97>
      - <56> <2E85>
      - <64> <2EC3>
      - <80> <2ECA>
      - <98> <2EAE>
      - <E1> <2EAA>
      - <3F> <40> <2E8C>
  Font /F119: 119 0 R (/Type3, CIDFont (0 - 174))
    Encoding: /Encoding-Differences
    ToUnicode: 850 0 R
      - <35> <2EB7>
      - <4A> <2EB9>
      - <50> <2E87>
      - <55> <2E8B>
      - <84> <2EA6>
      - <A4> <2EB3>
      - <AC> <AE> <2EBE>
  Font /F12: 12 0 R (/Type0, BaseFont /IAAAAA+BIZUDPGothic-Regular)
    Encoding: /Identity-H
    ToUnicode: 218 0 R
      - <0049> <7155>
  Font /F120: 120 0 R (/Type3, CIDFont (0 - 103))
    Encoding: /Encoding-Differences
    ToUnicode: 855 0 R
      - <5B> <2E95>
      - <62> <2EA4>
      - <67> <2ECC>
  Font /F121: 121 0 R (/Type3, CIDFont (0 - 245))
    Encoding: /Encoding-Differences
    ToUnicode: 862 0 R
      - <1A> <2E98>
      - <D6> <2EA3>
      - <F5> <2EA8>
      - <9A> <9B> <2EA1>
  Font /F122: 122 0 R (/Type3, CIDFont (0 - 43))
    Encoding: /Encoding-Differences
    ToUnicode: 865 0 R
      - <2B> <2E9E>
  Font /F123: 123 0 R (/Type3, CIDFont (0 - 232))
    Encoding: /Encoding-Differences
    ToUnicode: 872 0 R
      - <82> <2ED7>
      - <83> <2EBD>
      - <A7> <2EC6>
      - <D6> <2EA9>
      - <E8> <2EBC>
  Font /F124: 124 0 R (/Type3, CIDFont (0 - 5))
    Encoding: /Encoding-Differences
    ToUnicode: 875 0 R
      - <05> <2EAC>
  Font /F125: 125 0 R (/Type3, CIDFont (0 - 96))
    Encoding: /Encoding-Differences
    ToUnicode: 878 0 R
      - <60> <2EAF>
  Font /F126: 126 0 R (/Type3, CIDFont (0 - 147))
    Encoding: /Encoding-Differences
    ToUnicode: 881 0 R
      - <93> <2EB0>
  Font /F127: 127 0 R (/Type3, CIDFont (0 - 101))
    Encoding: /Encoding-Differences
    ToUnicode: 884 0 R
      - <65> <2EBA>
  Font /F128: 128 0 R (/Type3, CIDFont (0 - 48))
    Encoding: /Encoding-Differences
    ToUnicode: 887 0 R
      - <30> <2EC5>
  Font /F129: 129 0 R (/Type3, CIDFont (0 - 251))
    Encoding: /Encoding-Differences
    ToUnicode: 891 0 R
      - <CC> <2EC7>
      - <FB> <2ED5>
  Font /F13: 13 0 R (/Type0, BaseFont /JAAAAA+BIZUDPGothic-Regular)
    Encoding: /Identity-H
    ToUnicode: 222 0 R
      - <001C> <9996>
      - <001F> <8D70>
      - <002A> <516B>
      - <0030> <6BDB>
      - <0033> <91CC>
  Font /F130: 130 0 R (/Type3, CIDFont (0 - 115))
    Encoding: /Encoding-Differences
    ToUnicode: 894 0 R
      - <73> <2EC8>
  Font /F131: 131 0 R (/Type3, CIDFont (0 - 27))
    Encoding: /Encoding-Differences
    ToUnicode: 897 0 R
      - <1B> <2EC9>
  Font /F132: 132 0 R (/Type3, CIDFont (0 - 113))
    Encoding: /Encoding-Differences
    ToUnicode: 901 0 R
      - <59> <2ECB>
      - <71> <2ECE>
  Font /F133: 133 0 R (/Type3, CIDFont (0 - 240))
    Encoding: /Encoding-Differences
    ToUnicode: 906 0 R
      - <9C> <2ED0>
      - <A1> <2ED3>
      - <F0> <2ED4>
  Font /F134: 134 0 R (/Type3, CIDFont (0 - 167))
    Encoding: /Encoding-Differences
    ToUnicode: 912 0 R
      - <29> <2ED9>
      - <8A> <2EDA>
      - <A4> <2EDB>
      - <A7> <2EDC>
  Font /F135: 135 0 R (/Type3, CIDFont (0 - 140))
    Encoding: /Encoding-Differences
    ToUnicode: 917 0 R
      - <05> <2EE0>
      - <8A> <2EE2>
      - <8C> <2EE3>
  Font /F136: 136 0 R (/Type3, CIDFont (0 - 13))
    Encoding: /Encoding-Differences
    ToUnicode: 920 0 R
      - <0D> <2EE1>
  Font /F137: 137 0 R (/Type3, CIDFont (0 - 217))
    Encoding: /Encoding-Differences
    ToUnicode: 923 0 R
      - <D9> <2EE5>
  Font /F138: 138 0 R (/Type3, CIDFont (0 - 236))
    Encoding: /Encoding-Differences
    ToUnicode: 927 0 R
      - <8C> <2EE6>
      - <EC> <2EEA>
  Font /F139: 139 0 R (/Type3, CIDFont (0 - 77))
    Encoding: /Encoding-Differences
    ToUnicode: 930 0 R
      - <4D> <2EE7>
  Font /F14: 14 0 R (/Type0, BaseFont /KAAAAA+BIZUDPGothic-Regular)
    Encoding: /Identity-H
    ToUnicode: 226 0 R
      - <0005> <3080>
      - <0017> <793A>
      - <001B> <66F8>
      - <001D> <6C34>
      - <001F> <6210>
      - <0025> <9577>
      - <0033> <529B>
  Font /F140: 140 0 R (/Type3, CIDFont (0 - 80))
    Encoding: /Encoding-Differences
    ToUnicode: 937 0 R
      - <1F> <2EEC>
      - <41> <2EEE>
      - <4B> <2EF0>
      - <4D> <2EF1>
      - <50> <2EF3>
  Font /F15: 15 0 R (/Type0, BaseFont /LAAAAA+BIZUDPGothic-Regular)
    Encoding: /Identity-H
    ToUnicode: 230 0 R
      - <0013> <9ED2>
      - <0019> <58EB>
      - <002A> <8C37>
      - <0031> <6BD4>
  Font /F16: 16 0 R (/Type0, BaseFont /MAAAAA+BIZUDPGothic-Regular)
    Encoding: /Identity-H
    ToUnicode: 234 0 R
      - <000C> <89D2>
      - <000D> <8F03>
      - <001A> <4F3C>
      - <001B> <9E7F>
      - <002E> <9EBB>
      - <0034> <8001>
  Font /F17: 17 0 R (/Type0, BaseFont /NAAAAA+BIZUDPGothic-Regular)
    Encoding: /Identity-H
    ToUnicode: 238 0 R
      - <001A> <5DE5>
      - <001D> <652F>
      - <0022> <897F>
      - <002C> <4E8C>
      - <002E> <98A8>
  Font /F19: 19 0 R (/Type3, CIDFont (0 - 227))
    Encoding: /Encoding-Differences
    ToUnicode: 258 0 R
      - <0F> <2FCA>
      - <16> <2FBB>
      - <29> <2F89>
      - <84> <2F6B>
      - <89> <2F2D>
      - <A4> <2F20>
      - <A8> <2F26>
      - <AF> <2F40>
      - <B5> <2F4C>
      - <B7> <2F52>
      - <BB> <2F77>
      - <C0> <2F84>
      - <CB> <2EED>
      - <DC> <2F70>
      - <DD> <2F7D>
      - <DE> <2F7F>
      - <DF> <2F83>
      - <E3> <2FC5>
  Font /F20: 20 0 R (/Type0, BaseFont /PAAAAA+BIZUDPGothic-Regular)
    Encoding: /Identity-H
    ToUnicode: 263 0 R
      - <000E> <6F22>
      - <0012> <7384>
      - <001B> <5BF8>
      - <002A> <9F3B>
      - <0033> <7ADC>
  Font /F21: 21 0 R (/Type0, BaseFont /QAAAAA+BIZUDPGothic-Regular)
    Encoding: /Identity-H
    ToUnicode: 267 0 R
      - <0005> <4E28>
      - <0023> <4E36>
      - <0024> <4E3F>
      - <0029> <4E85>
      - <002E> <4EA0>
  Font /F22: 22 0 R (/Type0, BaseFont /RAAAAA+BIZUDPGothic-Regular)
    Encoding: /Identity-H
    ToUnicode: 271 0 R
      - <0006> <4E59>
  Font /F23: 23 0 R (/Type0, BaseFont /SAAAAA+BIZUDPGothic-Regular)
    Encoding: /Identity-H
    ToUnicode: 275 0 R
      - <0037> <513F>
      - <0041> <5182>
      - <0048> <5196>
      - <004E> <51AB>
      - <0057> <51E0>
      - <005A> <51F5>
  Font /F24: 24 0 R (/Type0, BaseFont /TAAAAA+BIZUDPGothic-Regular)
    Encoding: /Identity-H
    ToUnicode: 279 0 R
      - <0026> <5200>
  Font /F25: 25 0 R (/Type0, BaseFont /UAAAAA+BIZUDPGothic-Regular)
    Encoding: /Identity-H
    ToUnicode: 283 0 R
      - <003D> <52F9>
      - <0043> <5315>
      - <0044> <531A>
      - <0049> <5338>
      - <004F> <5369>
      - <0053> <5382>
      - <005A> <53B6>
  Font /F26: 26 0 R (/Type0, BaseFont /VAAAAA+BIZUDPGothic-Regular)
    Encoding: /Identity-H
    ToUnicode: 287 0 R
      - <001D> <5341>
      - <0027> <9CE5>
      - <0030> <7C73>
  Font /F27: 27 0 R (/Type0, BaseFont /WAAAAA+BIZUDPGothic-Regular)
    Encoding: /Identity-H
    ToUnicode: 291 0 R
      - <001D> <535C>
  Font /F28: 28 0 R (/Type0, BaseFont /XAAAAA+BIZUDPGothic-Regular)
    Encoding: /Identity-H
    ToUnicode: 295 0 R
      - <0008> <4E80>
      - <002B> <53C8>
  Font /F29: 29 0 R (/Type0, BaseFont /YAAAAA+BIZUDPGothic-Regular)
    Encoding: /Identity-H
    ToUnicode: 299 0 R
      - <0013> <8A00>
      - <0016> <53E3>
      - <0021> <8ECA>
  Font /F30: 30 0 R (/Type0, BaseFont /ZAAAAA+BIZUDPGothic-Regular)
    Encoding: /Identity-H
    ToUnicode: 303 0 R
      - <0043> <56D7>
  Font /F31: 31 0 R (/Type0, BaseFont /ABAAAA+BIZUDPGothic-Regular)
    Encoding: /Identity-H
    ToUnicode: 307 0 R
      - <0007> <97F3>
      - <0021> <8272>
      - <0022> <8EAB>
      - <002D> <571F>
      - <0032> <767D>
  Font /F32: 32 0 R (/Type0, BaseFont /BBAAAA+BIZUDPGothic-Regular)
    Encoding: /Identity-H
    ToUnicode: 311 0 R
      - <005B> <5902>
      - <005C> <590A>
  Font /F33: 33 0 R (/Type0, BaseFont /CBAAAA+BIZUDPGothic-Regular)
    Encoding: /Identity-H
    ToUnicode: 315 0 R
      - <0028> <76AE>
      - <0033> <5915>
  Font /F34: 34 0 R (/Type0, BaseFont /DBAAAA+BIZUDPGothic-Regular)
    Encoding: /Identity-H
    ToUnicode: 319 0 R
      - <005B> <5B80>
  Font /F35: 35 0 R (/Type0, BaseFont /EBAAAA+BIZUDPGothic-Regular)
    Encoding: /Identity-H
    ToUnicode: 323 0 R
      - <0042> <5C22>
      - <0044> <5C38>
      - <004C> <5C6E>
  Font /F36: 36 0 R (/Type0, BaseFont /FBAAAA+BIZUDPGothic-Regular)
    Encoding: /Identity-H
    ToUnicode: 327 0 R
      - <0029> <5DDB>
      - <003F> <5E7A>
      - <0040> <5E7F>
      - <0053> <5EF4>
      - <0055> <5EFE>
      - <005A> <5F0B>
  Font /F37: 37 0 R (/Type0, BaseFont /GBAAAA+BIZUDPGothic-Regular)
    Encoding: /Identity-H
    ToUnicode: 331 0 R
      - <000D> <7FBD>
      - <0018> <5DF1>
      - <002E> <7236>
  Font /F38: 38 0 R (/Type0, BaseFont /HBAAAA+BIZUDPGothic-Regular)
    Encoding: /Identity-H
    ToUnicode: 335 0 R
      - <000E> <5DFE>
      - <0018> <821F>
  Font /F39: 39 0 R (/Type0, BaseFont /IBAAAA+BIZUDPGothic-Regular)
    Encoding: /Identity-H
    ToUnicode: 339 0 R
      - <0010> <5E72>
      - <0015> <9B3C>
      - <0016> <725B>
      - <001B> <8033>
      - <001E> <8F9B>
  Font /F4: 4 0 R (/Type0, BaseFont /AAAAAA+BIZUDPGothic-Regular)
    Encoding: /Identity-H
    ToUnicode: 186 0 R
      - <0010> <0020>
      - <001B> <002B>
      - <0022> <0032>
      - <0029> <0039>
      - <0031> <0041>
      - <0040> <0050>
      - <0045> <0055>
      - <0033> <0036> <0043>
      - <003A> <003B> <004A>
  Font /F40: 40 0 R (/Type0, BaseFont /JBAAAA+BIZUDPGothic-Regular)
    Encoding: /Identity-H
    ToUnicode: 343 0 R
      - <000E> <5F13>
      - <0012> <9F13>
  Font /F41: 41 0 R (/Type3, CIDFont (0 - 250))
    Encoding: /Encoding-Differences
    ToUnicode: 350 0 R
      - <19> <2E83>
      - <4C> <2E89>
      - <C4> <2E8F>
      - <F1> <2F39>
      - <FA> <2E96>
  Font /F42: 42 0 R (/Type0, BaseFont /KBAAAA+BIZUDPGothic-Regular)
    Encoding: /Identity-H
    ToUnicode: 354 0 R
      - <002D> <5F61>
  Font /F43: 43 0 R (/Type0, BaseFont /LBAAAA+BIZUDPGothic-Regular)
    Encoding: /Identity-H
    ToUnicode: 358 0 R
      - <0011> <5F73>
  Font /F44: 44 0 R (/Type0, BaseFont /MBAAAA+BIZUDPGothic-Regular)
    Encoding: /Identity-H
    ToUnicode: 362 0 R
      - <0041> <6208>
  Font /F45: 45 0 R (/Type0, BaseFont /NBAAAA+BIZUDPGothic-Regular)
    Encoding: /Identity-H
    ToUnicode: 366 0 R
      - <001B> <7389>
      - <001E> <6238>
      - <002A> <8D64>
      - <0033> <99AC>
  Font /F46: 46 0 R (/Type0, BaseFont /OBAAAA+BIZUDPGothic-Regular)
    Encoding: /Identity-H
    ToUnicode: 370 0 R
      - <0005> <65A4>
      - <0022> <6534>
      - <003E> <65E0>
  Font /F47: 47 0 R (/Type0, BaseFont /PBAAAA+BIZUDPGothic-Regular)
    Encoding: /Identity-H
    ToUnicode: 374 0 R
      - <000F> <7F36>
      - <0026> <6597>
  Font /F48: 48 0 R (/Type0, BaseFont /QBAAAA+BIZUDPGothic-Regular)
    Encoding: /Identity-H
    ToUnicode: 378 0 R
      - <0081> <6708>
      - <0083> <65E5>
  Font /F49: 49 0 R (/Type0, BaseFont /RBAAAA+BIZUDPGothic-Regular)
    Encoding: /Identity-H
    ToUnicode: 382 0 R
      - <0009> <74DC>
      - <002A> <66F0>
  Font /F5: 5 0 R (/Type0, BaseFont /BAAAAA+BIZUDPGothic-Regular)
    Encoding: /Identity-H
    ToUnicode: 190 0 R
      - <000E> <30FC>
      - <0010> <3042>
      - <0012> <3044>
      - <0014> <3046>
      - <0016> <3048>
      - <001D> <304F>
      - <001F> <3051>
      - <0021> <3053>
      - <0023> <3055>
      - <0025> <3057>
      - <0027> <3059>
      - <0029> <305B>
      - <002B> <305D>
      - <002D> <305F>
      - <002F> <3061>
      - <0032> <3064>
      - <0040> <3072>
      - <0043> <3075>
      - <0046> <3078>
      - <0049> <307B>
      - <0051> <3084>
      - <0053> <3086>
      - <005C> <308F>
      - <0061> <30A2>
      - <0063> <30A4>
      - <0065> <30A6>
      - <0067> <30A8>
      - <006C> <30AD>
      - <006E> <30AF>
      - <0070> <30B1>
      - <0072> <30B3>
      - <0074> <30B5>
      - <0076> <30B7>
      - <0078> <30B9>
      - <007A> <30BB>
      - <007C> <30BD>
      - <007E> <30BF>
      - <0080> <30C1>
      - <0091> <30D2>
      - <0094> <30D5>
      - <00A2> <30E4>
      - <00A4> <30E6>
      - <00AC> <30EF>
      - <0007> <0008> <3001>
      - <0018> <001B> <304A>
      - <0034> <0036> <3066>
      - <0038> <003D> <306A>
      - <004C> <004D> <307E>
      - <004E> <004F> <3081>
      - <0055> <005A> <3088>
      - <005E> <005F> <3092>
      - <0069> <006A> <30AA>
      - <0082> <0083> <30C3>
      - <0085> <0087> <30C6>
      - <0089> <008E> <30CA>
      - <0096> <0097> <30D7>
      - <009A> <009B> <30DB>
      - <009D> <00A0> <30DE>
      - <00A6> <00AB> <30E8>
      - <00AE> <00AF> <30F2>
  Font /F50: 50 0 R (/Type0, BaseFont /SBAAAA+BIZUDPGothic-Regular)
    Encoding: /Identity-H
    ToUnicode: 386 0 R
      - <0019> <6B20>
      - <001F> <81F3>
      - <002A> <7AF9>
  Font /F51: 51 0 R (/Type0, BaseFont /TBAAAA+BIZUDPGothic-Regular)
    Encoding: /Identity-H
    ToUnicode: 390 0 R
      - <0014> <6B62>
      - <001C> <77F3>
      - <001F> <8DB3>
      - <0030> <9580>
  Font /F52: 52 0 R (/Type0, BaseFont /UBAAAA+BIZUDPGothic-Regular)
    Encoding: /Identity-H
    ToUnicode: 394 0 R
      - <0054> <6B79>
  Font /F53: 53 0 R (/Type0, BaseFont /VBAAAA+BIZUDPGothic-Regular)
    Encoding: /Identity-H
    ToUnicode: 398 0 R
      - <0019> <6BB3>
      - <001D> <6BCB>
      - <0025> <6C14>
  Font /F54: 54 0 R (/Type0, BaseFont /WBAAAA+BIZUDPGothic-Regular)
    Encoding: /Identity-H
    ToUnicode: 402 0 R
      - <0015> <6C0F>
      - <001A> <52A9>
      - <0026> <8089>
      - <0028> <98DB>
  Font /F55: 55 0 R (/Type0, BaseFont /XBAAAA+BIZUDPGothic-Regular)
    Encoding: /Identity-H
    ToUnicode: 406 0 R
      - <0020> <722A>
  Font /F56: 56 0 R (/Type0, BaseFont /YBAAAA+BIZUDPGothic-Regular)
    Encoding: /Identity-H
    ToUnicode: 410 0 R
      - <002C> <723B>
      - <002E> <723F>
  Font /F57: 57 0 R (/Type0, BaseFont /ZBAAAA+BIZUDPGothic-Regular)
    Encoding: /Identity-H
    ToUnicode: 414 0 R
      - <002A> <7247>
  Font /F58: 58 0 R (/Type0, BaseFont /ACAAAA+BIZUDPGothic-Regular)
    Encoding: /Identity-H
    ToUnicode: 418 0 R
      - <000B> <7259>
      - <0022> <8FB0>
  Font /F59: 59 0 R (/Type0, BaseFont /BCAAAA+BIZUDPGothic-Regular)
    Encoding: /Identity-H
    ToUnicode: 422 0 R
      - <0009> <9769>
      - <0012> <7A74>
      - <0013> <72AC>
      - <0015> <9AA8>
      - <0023> <8C46>
      - <002E> <77E2>
  Font /F6: 6 0 R (/Type0, BaseFont /CAAAAA+BIZUDPGothic-Regular)
    Encoding: /Identity-H
    ToUnicode: 194 0 R
      - <0008> <30E2>
      - <000E> <91D1>
      - <0011> <9AD8>
      - <0013> <4F5C>
      - <0016> <5B50>
      - <0017> <81EA>
      - <001A> <624B>
      - <001C> <5C0F>
      - <0027> <8868>
      - <002A> <90E8>
      - <002C> <6587>
  Font /F60: 60 0 R (/Type0, BaseFont /CCAAAA+BIZUDPGothic-Regular)
    Encoding: /Identity-H
    ToUnicode: 426 0 R
      - <000A> <74E6>
  Font /F61: 61 0 R (/Type0, BaseFont /DCAAAA+BIZUDPGothic-Regular)
    Encoding: /Identity-H
    ToUnicode: 430 0 R
      - <000B> <7518>
      - <002C> <961C>
  Font /F62: 62 0 R (/Type0, BaseFont /ECAAAA+BIZUDPGothic-Regular)
    Encoding: /Identity-H
    ToUnicode: 434 0 R
      - <000D> <758B>
      - <005C> <7676>
      - <0066> <7592>
  Font /F63: 63 0 R (/Type0, BaseFont /FCAAAA+BIZUDPGothic-Regular)
    Encoding: /Identity-H
    ToUnicode: 438 0 R
      - <0006> <81FC>
      - <0025> <9801>
      - <0029> <77DB>
      - <0032> <8278>
  Font /F64: 64 0 R (/Type0, BaseFont /GCAAAA+BIZUDPGothic-Regular)
    Encoding: /Identity-H
    ToUnicode: 442 0 R
      - <0006> <79BE>
      - <0062> <79B8>
  Font /F65: 65 0 R (/Type0, BaseFont /HCAAAA+BIZUDPGothic-Regular)
    Encoding: /Identity-H
    ToUnicode: 446 0 R
      - <0016> <7CF8>
  Font /F66: 66 0 R (/Type0, BaseFont /ICAAAA+BIZUDPGothic-Regular)
    Encoding: /Identity-H
    ToUnicode: 450 0 R
      - <0036> <7F51>
  Font /F67: 67 0 R (/Type0, BaseFont /JCAAAA+BIZUDPGothic-Regular)
    Encoding: /Identity-H
    ToUnicode: 454 0 R
      - <0008> <800C>
      - <002E> <8012>
      - <0044> <807F>
  Font /F68: 68 0 R (/Type0, BaseFont /KCAAAA+BIZUDPGothic-Regular)
    Encoding: /Identity-H
    ToUnicode: 458 0 R
      - <001A> <81E3>
      - <001C> <820C>
  Font /F69: 69 0 R (/Type0, BaseFont /LCAAAA+BIZUDPGothic-Regular)
    Encoding: /Identity-H
    ToUnicode: 462 0 R
      - <0008> <826E>
      - <000A> <821B>
  Font /F7: 7 0 R (/Type0, BaseFont /DAAAAA+BIZUDPGothic-Regular)
    Encoding: /Identity-H
    ToUnicode: 198 0 R
      - <0008> <706B>
      - <0014> <9999>
      - <0017> <5B57>
      - <001C> <9752>
      - <002A> <975E>
  Font /F70: 70 0 R (/Type0, BaseFont /MCAAAA+BIZUDPGothic-Regular)
    Encoding: /Identity-H
    ToUnicode: 466 0 R
      - <0055> <864D>
  Font /F71: 71 0 R (/Type0, BaseFont /NCAAAA+BIZUDPGothic-Regular)
    Encoding: /Identity-H
    ToUnicode: 470 0 R
      - <0020> <866B>
      - <002E> <9F8D>
  Font /F72: 72 0 R (/Type0, BaseFont /OCAAAA+BIZUDPGothic-Regular)
    Encoding: /Identity-H
    ToUnicode: 474 0 R
      - <0006> <96E8>
      - <000F> <9B5A>
      - <0013> <8840>
  Font /F73: 73 0 R (/Type0, BaseFont /PCAAAA+BIZUDPGothic-Regular)
    Encoding: /Identity-H
    ToUnicode: 478 0 R
      - <0005> <8863>
      - <002B> <88DC>
  Font /F74: 74 0 R (/Type0, BaseFont /QCAAAA+BIZUDPGothic-Regular)
    Encoding: /Identity-H
    ToUnicode: 482 0 R
      - <0012> <897E>
  Font /F75: 75 0 R (/Type0, BaseFont /RCAAAA+BIZUDPGothic-Regular)
    Encoding: /Identity-H
    ToUnicode: 486 0 R
      - <002B> <8C55>
      - <002E> <8C78>
  Font /F76: 76 0 R (/Type0, BaseFont /SCAAAA+BIZUDPGothic-Regular)
    Encoding: /Identity-H
    ToUnicode: 490 0 R
      - <0007> <8C9D>
  Font /F77: 77 0 R (/Type0, BaseFont /TCAAAA+BIZUDPGothic-Regular)
    Encoding: /Identity-H
    ToUnicode: 494 0 R
      - <0051> <8FB5>
  Font /F78: 78 0 R (/Type0, BaseFont /UCAAAA+BIZUDPGothic-Regular)
    Encoding: /Identity-H
    ToUnicode: 498 0 R
      - <0027> <9091>
  Font /F79: 79 0 R (/Type0, BaseFont /VCAAAA+BIZUDPGothic-Regular)
    Encoding: /Identity-H
    ToUnicode: 502 0 R
      - <000B> <9149>
      - <000D> <91C6>
  Font /F8: 8 0 R (/Type0, BaseFont /EAAAAA+BIZUDPGothic-Regular)
    Encoding: /Identity-H
    ToUnicode: 202 0 R
      - <0018> <76BF>
      - <0022> <62BD>
      - <002E> <7F8A>
  Font /F80: 80 0 R (/Type0, BaseFont /WCAAAA+BIZUDPGothic-Regular)
    Encoding: /Identity-H
    ToUnicode: 506 0 R
      - <0051> <96B6>
      - <0053> <96B9>
  Font /F81: 81 0 R (/Type0, BaseFont /XCAAAA+BIZUDPGothic-Regular)
    Encoding: /Identity-H
    ToUnicode: 510 0 R
      - <0031> <97CB>
      - <0033> <97ED>
      - <009F> <9751>
  Font /F82: 82 0 R (/Type0, BaseFont /YCAAAA+BIZUDPGothic-Regular)
    Encoding: /Identity-H
    ToUnicode: 514 0 R
      - <0050> <9ADF>
  Font /F83: 83 0 R (/Type0, BaseFont /ZCAAAA+BIZUDPGothic-Regular)
    Encoding: /Identity-H
    ToUnicode: 518 0 R
      - <001C> <9B25>
      - <0022> <9B2F>
      - <0023> <9B32>
  Font /F84: 84 0 R (/Type0, BaseFont /ADAAAA+BIZUDPGothic-Regular)
    Encoding: /Identity-H
    ToUnicode: 522 0 R
      - <004D> <9E75>
  Font /F85: 85 0 R (/Type0, BaseFont /BDAAAA+BIZUDPGothic-Regular)
    Encoding: /Identity-H
    ToUnicode: 526 0 R
      - <0004> <9ECD>
      - <0005> <9F20>
      - <0007> <9F0E>
      - <0015> <9EA5>
      - <0028> <9EF9>
      - <002B> <9EFD>
      - <0032> <9F4A>
      - <0033> <9F52>
      - <0041> <9F9C>
      - <0042> <9FA0>
      - <004C> <9EC3>
  Font /F86: 86 0 R (/Type3, CIDFont (0 - 225))
    Encoding: /Encoding-Differences
    ToUnicode: 534 0 R
      - <A9> <2F90>
      - <B4> <2F00>
      - <CF> <2F7B>
      - <D1> <2FAC>
      - <D7> <2F85>
      - <E1> <2F60>
  Font /F87: 87 0 R (/Type3, CIDFont (0 - 211))
    Encoding: /Encoding-Differences
    ToUnicode: 537 0 R
      - <D3> <2F01>
  Font /F88: 88 0 R (/Type3, CIDFont (0 - 248))
    Encoding: /Encoding-Differences
    ToUnicode: 557 0 R
      - <0F> <2F02>
      - <11> <2F03>
      - <16> <2F05>
      - <1E> <2F07>
      - <80> <2F09>
      - <81> <2E8E>
      - <8B> <2F0C>
      - <93> <2F0D>
      - <99> <2F0E>
      - <A3> <2F0F>
      - <A8> <2F10>
      - <D6> <2F13>
      - <E3> <2F16>
      - <EC> <2F19>
      - <F1> <2F1A>
      - <F8> <2F1B>
      - <DD> <DE> <2F14>
  Font /F89: 89 0 R (/Type3, CIDFont (0 - 244))
    Encoding: /Encoding-Differences
    ToUnicode: 569 0 R
      - <30> <2EE9>
      - <3A> <2F04>
      - <40> <2FB3>
      - <55> <2F55>
      - <58> <2F72>
      - <90> <2F99>
      - <B4> <2F93>
      - <BA> <2FB0>
      - <E5> <2F61>
      - <F4> <2F32>
  Font /F9: 9 0 R (/Type0, BaseFont /FAAAAA+BIZUDPGothic-Regular)
    Encoding: /Identity-H
    ToUnicode: 206 0 R
      - <000C> <4E00>
      - <0014> <898B>
      - <0015> <884C>
      - <001C> <51FA>
      - <0021> <4EBA>
      - <0023> <751F>
      - <0026> <5927>
      - <002B> <5165>
      - <002F> <65B9>
      - <0032> <76EE>
      - <0034> <7528>
  Font /F90: 90 0 R (/Type3, CIDFont (0 - 226))
    Encoding: /Encoding-Differences
    ToUnicode: 583 0 R
      - <06> <2F56>
      - <2A> <2FCD>
      - <4A> <2F65>
      - <53> <2F43>
      - <60> <2F1F>
      - <67> <2F11>
      - <8A> <2F96>
      - <B7> <2FA3>
      - <D7> <2F06>
      - <DD> <2F81>
      - <E0> <2F47>
      - <E2> <2F0A>
  Font /F91: 91 0 R (/Type3, CIDFont (0 - 217))
    Encoding: /Encoding-Differences
    ToUnicode: 601 0 R
      - <04> <2F3C>
      - <13> <2F82>
      - <18> <2F9D>
      - <19> <2F9F>
      - <1D> <2F08>
      - <35> <2F54>
      - <51> <2F28>
      - <66> <2F63>
      - <6C> <2EC4>
      - <72> <2ED8>
      - <74> <2EEB>
      - <7E> <2F6F>
      - <84> <2F9A>
      - <93> <2F86>
      - <B0> <2F87>
      - <D9> <2FCF>
  Font /F92: 92 0 R (/Type3, CIDFont (0 - 246))
    Encoding: /Encoding-Differences
    ToUnicode: 617 0 R
      - <12> <2FBA>
      - <35> <2F69>
      - <41> <2EE8>
      - <4D> <2F0B>
      - <71> <2FA4>
      - <87> <2F50>
      - <8A> <2F6A>
      - <94> <2FAE>
      - <95> <2FB6>
      - <A0> <2FD0>
      - <A4> <2F66>
      - <E2> <2F57>
      - <EB> <2FA9>
      - <F6> <2FB5>
  Font /F93: 93 0 R (/Type3, CIDFont (0 - 236))
    Encoding: /Encoding-Differences
    ToUnicode: 631 0 R
      - <02> <2FA8>
      - <0B> <2F6E>
      - <31> <2FA2>
      - <35> <2F23>
      - <4A> <2F64>
      - <4C> <2F7A>
      - <7B> <2FA5>
      - <80> <2F74>
      - <8C> <2EEF>
      - <8D> <2FD3>
      - <A6> <2F12>
      - <EC> <2F7C>
  Font /F94: 94 0 R (/Type3, CIDFont (0 - 248))
    Encoding: /Encoding-Differences
    ToUnicode: 642 0 R
      - <0B> <2F9E>
      - <1F> <2F3F>
      - <28> <2FB8>
      - <41> <2F88>
      - <50> <2F17>
      - <8A> <2F25>
      - <9F> <2F29>
      - <F6> <2F8A>
      - <F8> <2FB7>
  Font /F95: 95 0 R (/Type3, CIDFont (0 - 246))
    Encoding: /Encoding-Differences
    ToUnicode: 660 0 R
      - <16> <2F42>
      - <24> <2F76>
      - <25> <2FB4>
      - <30> <2F5A>
      - <4A> <2E9F>
      - <5B> <2F45>
      - <8A> <2F18>
      - <9F> <2FC7>
      - <B0> <2F1C>
      - <C0> <2E92>
      - <CB> <2EA0>
      - <D1> <2F6D>
      - <E6> <2FAF>
      - <ED> <2F51>
      - <F4> <2F4A>
      - <F6> <2F6C>
  Font /F96: 96 0 R (/Type3, CIDFont (0 - 251))
    Encoding: /Encoding-Differences
    ToUnicode: 679 0 R
      - <44> <2F4B>
      - <47> <2F73>
      - <49> <2F8E>
      - <4B> <2F49>
      - <5F> <2F5D>
      - <66> <2F92>
      - <77> <2F5E>
      - <7B> <2F94>
      - <85> <2F30>
      - <88> <2F3E>
      - <92> <2EC1>
      - <98> <2FCE>
      - <B8> <2F1D>
      - <C2> <2F2F>
      - <ED> <2F8F>
      - <FA> <2FB9>
      - <FB> <2FBC>
  Font /F97: 97 0 R (/Type3, CIDFont (0 - 204))
    Encoding: /Encoding-Differences
    ToUnicode: 684 0 R
      - <7C> <2F1E>
      - <CB> <CC> <2F21>
  Font /F98: 98 0 R (/Type3, CIDFont (0 - 226))
    Encoding: /Encoding-Differences
    ToUnicode: 695 0 R
      - <03> <2F9B>
      - <18> <2F9C>
      - <52> <2F24>
      - <6D> <2FA0>
      - <74> <2F95>
      - <A6> <2F75>
      - <B7> <2F8D>
      - <E0> <2ED1>
      - <E2> <2FC3>
  Font /F99: 99 0 R (/Type3, CIDFont (0 - 195))
    Encoding: /Encoding-Differences
    ToUnicode: 710 0 R
      - <20> <2F27>
      - <38> <2E90>
      - <3A> <2F2B>
      - <44> <2F2C>
      - <7E> <2F2E>
      - <95> <2E93>
      - <97> <2F34>
      - <AB> <2F35>
      - <AD> <2F36>
      - <B2> <2F37>
      - <BD> <2E94>
      - <C1> <2F3A>
      - <C3> <2F3B>
